Archive member included to satisfy reference by file (symbol)

c:/st/stm32cubeide_1.0.0/stm32cubeide/plugins/com.st.stm32cube.ide.mcu.externaltools.gnu-tools-for-stm32.7-2018-q2-update.win32_1.0.0.201904181610/tools/bin/../lib/gcc/arm-none-eabi/7.3.1/../../../../arm-none-eabi/lib/thumb/v7-m\libc_nano.a(lib_a-exit.o)
                              c:/st/stm32cubeide_1.0.0/stm32cubeide/plugins/com.st.stm32cube.ide.mcu.externaltools.gnu-tools-for-stm32.7-2018-q2-update.win32_1.0.0.201904181610/tools/bin/../lib/gcc/arm-none-eabi/7.3.1/../../../../arm-none-eabi/lib/thumb/v7-m/crt0.o (exit)
c:/st/stm32cubeide_1.0.0/stm32cubeide/plugins/com.st.stm32cube.ide.mcu.externaltools.gnu-tools-for-stm32.7-2018-q2-update.win32_1.0.0.201904181610/tools/bin/../lib/gcc/arm-none-eabi/7.3.1/../../../../arm-none-eabi/lib/thumb/v7-m\libc_nano.a(lib_a-impure.o)
                              c:/st/stm32cubeide_1.0.0/stm32cubeide/plugins/com.st.stm32cube.ide.mcu.externaltools.gnu-tools-for-stm32.7-2018-q2-update.win32_1.0.0.201904181610/tools/bin/../lib/gcc/arm-none-eabi/7.3.1/../../../../arm-none-eabi/lib/thumb/v7-m\libc_nano.a(lib_a-exit.o) (_global_impure_ptr)
c:/st/stm32cubeide_1.0.0/stm32cubeide/plugins/com.st.stm32cube.ide.mcu.externaltools.gnu-tools-for-stm32.7-2018-q2-update.win32_1.0.0.201904181610/tools/bin/../lib/gcc/arm-none-eabi/7.3.1/../../../../arm-none-eabi/lib/thumb/v7-m\libc_nano.a(lib_a-init.o)
                              c:/st/stm32cubeide_1.0.0/stm32cubeide/plugins/com.st.stm32cube.ide.mcu.externaltools.gnu-tools-for-stm32.7-2018-q2-update.win32_1.0.0.201904181610/tools/bin/../lib/gcc/arm-none-eabi/7.3.1/../../../../arm-none-eabi/lib/thumb/v7-m/crt0.o (__libc_init_array)
c:/st/stm32cubeide_1.0.0/stm32cubeide/plugins/com.st.stm32cube.ide.mcu.externaltools.gnu-tools-for-stm32.7-2018-q2-update.win32_1.0.0.201904181610/tools/bin/../lib/gcc/arm-none-eabi/7.3.1/../../../../arm-none-eabi/lib/thumb/v7-m\libc_nano.a(lib_a-memset.o)
                              c:/st/stm32cubeide_1.0.0/stm32cubeide/plugins/com.st.stm32cube.ide.mcu.externaltools.gnu-tools-for-stm32.7-2018-q2-update.win32_1.0.0.201904181610/tools/bin/../lib/gcc/arm-none-eabi/7.3.1/../../../../arm-none-eabi/lib/thumb/v7-m/crt0.o (memset)
c:/st/stm32cubeide_1.0.0/stm32cubeide/plugins/com.st.stm32cube.ide.mcu.externaltools.gnu-tools-for-stm32.7-2018-q2-update.win32_1.0.0.201904181610/tools/bin/../lib/gcc/arm-none-eabi/7.3.1/../../../../arm-none-eabi/lib/thumb/v7-m\libc_nano.a(lib_a-sprintf.o)
                              User/main.o (sprintf)
c:/st/stm32cubeide_1.0.0/stm32cubeide/plugins/com.st.stm32cube.ide.mcu.externaltools.gnu-tools-for-stm32.7-2018-q2-update.win32_1.0.0.201904181610/tools/bin/../lib/gcc/arm-none-eabi/7.3.1/../../../../arm-none-eabi/lib/thumb/v7-m\libc_nano.a(lib_a-nano-svfprintf.o)
                              c:/st/stm32cubeide_1.0.0/stm32cubeide/plugins/com.st.stm32cube.ide.mcu.externaltools.gnu-tools-for-stm32.7-2018-q2-update.win32_1.0.0.201904181610/tools/bin/../lib/gcc/arm-none-eabi/7.3.1/../../../../arm-none-eabi/lib/thumb/v7-m\libc_nano.a(lib_a-sprintf.o) (_svfprintf_r)
c:/st/stm32cubeide_1.0.0/stm32cubeide/plugins/com.st.stm32cube.ide.mcu.externaltools.gnu-tools-for-stm32.7-2018-q2-update.win32_1.0.0.201904181610/tools/bin/../lib/gcc/arm-none-eabi/7.3.1/../../../../arm-none-eabi/lib/thumb/v7-m\libc_nano.a(lib_a-nano-vfprintf_i.o)
                              c:/st/stm32cubeide_1.0.0/stm32cubeide/plugins/com.st.stm32cube.ide.mcu.externaltools.gnu-tools-for-stm32.7-2018-q2-update.win32_1.0.0.201904181610/tools/bin/../lib/gcc/arm-none-eabi/7.3.1/../../../../arm-none-eabi/lib/thumb/v7-m\libc_nano.a(lib_a-nano-svfprintf.o) (_printf_i)
c:/st/stm32cubeide_1.0.0/stm32cubeide/plugins/com.st.stm32cube.ide.mcu.externaltools.gnu-tools-for-stm32.7-2018-q2-update.win32_1.0.0.201904181610/tools/bin/../lib/gcc/arm-none-eabi/7.3.1/../../../../arm-none-eabi/lib/thumb/v7-m\libc_nano.a(lib_a-memchr-stub.o)
                              c:/st/stm32cubeide_1.0.0/stm32cubeide/plugins/com.st.stm32cube.ide.mcu.externaltools.gnu-tools-for-stm32.7-2018-q2-update.win32_1.0.0.201904181610/tools/bin/../lib/gcc/arm-none-eabi/7.3.1/../../../../arm-none-eabi/lib/thumb/v7-m\libc_nano.a(lib_a-nano-svfprintf.o) (memchr)
c:/st/stm32cubeide_1.0.0/stm32cubeide/plugins/com.st.stm32cube.ide.mcu.externaltools.gnu-tools-for-stm32.7-2018-q2-update.win32_1.0.0.201904181610/tools/bin/../lib/gcc/arm-none-eabi/7.3.1/../../../../arm-none-eabi/lib/thumb/v7-m\libc_nano.a(lib_a-memcpy-stub.o)
                              c:/st/stm32cubeide_1.0.0/stm32cubeide/plugins/com.st.stm32cube.ide.mcu.externaltools.gnu-tools-for-stm32.7-2018-q2-update.win32_1.0.0.201904181610/tools/bin/../lib/gcc/arm-none-eabi/7.3.1/../../../../arm-none-eabi/lib/thumb/v7-m\libc_nano.a(lib_a-nano-svfprintf.o) (memcpy)
[...]
Memory Configuration

Name             Origin             Length             Attributes
FLASH            0x0000000008000000 0x0000000000020000 xr
RAM              0x0000000020000000 0x0000000000004000 xrw
MEMORY_B1        0x0000000060000000 0x0000000000000000 xr
RW_EEPROM        0x0000000008080000 0x0000000000000020 rw
*default*        0x0000000000000000 0xffffffffffffffff

Linker script and memory map

LOAD c:/st/stm32cubeide_1.0.0/stm32cubeide/plugins/com.st.stm32cube.ide.mcu.externaltools.gnu-tools-for-stm32.7-2018-q2-update.win32_1.0.0.201904181610/tools/bin/../lib/gcc/arm-none-eabi/7.3.1/thumb/v7-m/crti.o
LOAD c:/st/stm32cubeide_1.0.0/stm32cubeide/plugins/com.st.stm32cube.ide.mcu.externaltools.gnu-tools-for-stm32.7-2018-q2-update.win32_1.0.0.201904181610/tools/bin/../lib/gcc/arm-none-eabi/7.3.1/thumb/v7-m/crtbegin.o
LOAD c:/st/stm32cubeide_1.0.0/stm32cubeide/plugins/com.st.stm32cube.ide.mcu.externaltools.gnu-tools-for-stm32.7-2018-q2-update.win32_1.0.0.201904181610/tools/bin/../lib/gcc/arm-none-eabi/7.3.1/../../../../arm-none-eabi/lib/thumb/v7-m/crt0.o
LOAD CMSIS/system_stm32l1xx.o
LOAD STM32L-Discovery/stm32l_discovery_lcd.o
LOAD STMTouch_Driver/tsl.o
LOAD STMTouch_Driver/tsl_acq.o
LOAD STMTouch_Driver/tsl_acq_stm32l1xx_sw.o
LOAD STMTouch_Driver/tsl_dxs.o
LOAD STMTouch_Driver/tsl_ecs.o
LOAD STMTouch_Driver/tsl_filter.o
LOAD STMTouch_Driver/tsl_globals.o
LOAD STMTouch_Driver/tsl_linrot.o
LOAD STMTouch_Driver/tsl_object.o
LOAD STMTouch_Driver/tsl_time.o
LOAD STMTouch_Driver/tsl_time_stm32l1xx.o
LOAD STMTouch_Driver/tsl_touchkey.o
LOAD StdPeriph_Driver/misc.o
LOAD StdPeriph_Driver/stm32l1xx_adc.o
LOAD StdPeriph_Driver/stm32l1xx_exti.o
LOAD StdPeriph_Driver/stm32l1xx_flash.o
LOAD StdPeriph_Driver/stm32l1xx_gpio.o
LOAD StdPeriph_Driver/stm32l1xx_lcd.o
LOAD StdPeriph_Driver/stm32l1xx_pwr.o
LOAD StdPeriph_Driver/stm32l1xx_rcc.o
LOAD StdPeriph_Driver/stm32l1xx_rtc.o
LOAD StdPeriph_Driver/stm32l1xx_syscfg.o
LOAD TrueSTUDIO/startup_stm32l1xx_md.o
LOAD User/discover_functions.o
LOAD User/icc_measure.o
LOAD User/icc_measure_Ram.o
LOAD User/main.o
LOAD User/stm32l1xx_it.o
LOAD User/tsl_user.o
START GROUP
LOAD c:/st/stm32cubeide_1.0.0/stm32cubeide/plugins/com.st.stm32cube.ide.mcu.externaltools.gnu-tools-for-stm32.7-2018-q2-update.win32_1.0.0.201904181610/tools/bin/../lib/gcc/arm-none-eabi/7.3.1/../../../../arm-none-eabi/lib/thumb/v7-m\libc_nano.a
LOAD c:/st/stm32cubeide_1.0.0/stm32cubeide/plugins/com.st.stm32cube.ide.mcu.externaltools.gnu-tools-for-stm32.7-2018-q2-update.win32_1.0.0.201904181610/tools/bin/../lib/gcc/arm-none-eabi/7.3.1/../../../../arm-none-eabi/lib/thumb/v7-m\libm.a
END GROUP
START GROUP
LOAD c:/st/stm32cubeide_1.0.0/stm32cubeide/plugins/com.st.stm32cube.ide.mcu.externaltools.gnu-tools-for-stm32.7-2018-q2-update.win32_1.0.0.201904181610/tools/bin/../lib/gcc/arm-none-eabi/7.3.1/thumb/v7-m\libgcc.a
LOAD c:/st/stm32cubeide_1.0.0/stm32cubeide/plugins/com.st.stm32cube.ide.mcu.externaltools.gnu-tools-for-stm32.7-2018-q2-update.win32_1.0.0.201904181610/tools/bin/../lib/gcc/arm-none-eabi/7.3.1/../../../../arm-none-eabi/lib/thumb/v7-m\libc_nano.a
END GROUP
START GROUP
LOAD c:/st/stm32cubeide_1.0.0/stm32cubeide/plugins/com.st.stm32cube.ide.mcu.externaltools.gnu-tools-for-stm32.7-2018-q2-update.win32_1.0.0.201904181610/tools/bin/../lib/gcc/arm-none-eabi/7.3.1/thumb/v7-m\libgcc.a
LOAD c:/st/stm32cubeide_1.0.0/stm32cubeide/plugins/com.st.stm32cube.ide.mcu.externaltools.gnu-tools-for-stm32.7-2018-q2-update.win32_1.0.0.201904181610/tools/bin/../lib/gcc/arm-none-eabi/7.3.1/../../../../arm-none-eabi/lib/thumb/v7-m\libc_nano.a
LOAD c:/st/stm32cubeide_1.0.0/stm32cubeide/plugins/com.st.stm32cube.ide.mcu.externaltools.gnu-tools-for-stm32.7-2018-q2-update.win32_1.0.0.201904181610/tools/bin/../lib/gcc/arm-none-eabi/7.3.1/../../../../arm-none-eabi/lib/thumb/v7-m\libnosys.a
END GROUP
START GROUP
LOAD c:/st/stm32cubeide_1.0.0/stm32cubeide/plugins/com.st.stm32cube.ide.mcu.externaltools.gnu-tools-for-stm32.7-2018-q2-update.win32_1.0.0.201904181610/tools/bin/../lib/gcc/arm-none-eabi/7.3.1/thumb/v7-m\libgcc.a
LOAD c:/st/stm32cubeide_1.0.0/stm32cubeide/plugins/com.st.stm32cube.ide.mcu.externaltools.gnu-tools-for-stm32.7-2018-q2-update.win32_1.0.0.201904181610/tools/bin/../lib/gcc/arm-none-eabi/7.3.1/../../../../arm-none-eabi/lib/thumb/v7-m\libc_nano.a
LOAD c:/st/stm32cubeide_1.0.0/stm32cubeide/plugins/com.st.stm32cube.ide.mcu.externaltools.gnu-tools-for-stm32.7-2018-q2-update.win32_1.0.0.201904181610/tools/bin/../lib/gcc/arm-none-eabi/7.3.1/../../../../arm-none-eabi/lib/thumb/v7-m\libnosys.a
END GROUP
LOAD c:/st/stm32cubeide_1.0.0/stm32cubeide/plugins/com.st.stm32cube.ide.mcu.externaltools.gnu-tools-for-stm32.7-2018-q2-update.win32_1.0.0.201904181610/tools/bin/../lib/gcc/arm-none-eabi/7.3.1/thumb/v7-m/crtend.o
LOAD c:/st/stm32cubeide_1.0.0/stm32cubeide/plugins/com.st.stm32cube.ide.mcu.externaltools.gnu-tools-for-stm32.7-2018-q2-update.win32_1.0.0.201904181610/tools/bin/../lib/gcc/arm-none-eabi/7.3.1/thumb/v7-m/crtn.o
                0x0000000020004000                _estack = 0x20004000
                0x0000000000000200                _Min_Heap_Size = 0x200
                0x0000000000000400                _Min_Stack_Size = 0x400

.isr_vector     0x0000000008000000      0x10c
                0x0000000008000000                . = ALIGN (0x4)
 *(.isr_vector)
 .isr_vector    0x0000000008000000      0x10c TrueSTUDIO/startup_stm32l1xx_md.o
                0x0000000008000000                g_pfnVectors
                0x000000000800010c                . = ALIGN (0x4)

.text           0x0000000008000110     0x448c
                0x0000000008000110                . = ALIGN (0x4)
 *(.text)
 .text          0x0000000008000110       0x40 c:/st/stm32cubeide_1.0.0/stm32cubeide/plugins/com.st.stm32cube.ide.mcu.externaltools.gnu-tools-for-stm32.7-2018-q2-update.win32_1.0.0.201904181610/tools/bin/../lib/gcc/arm-none-eabi/7.3.1/thumb/v7-m/crtbegin.o
 .text          0x0000000008000150      0x378 c:/st/stm32cubeide_1.0.0/stm32cubeide/plugins/com.st.stm32cube.ide.mcu.externaltools.gnu-tools-for-stm32.7-2018-q2-update.win32_1.0.0.201904181610/tools/bin/../lib/gcc/arm-none-eabi/7.3.1/thumb/v7-m\libgcc.a(_arm_addsubdf3.o)
                0x0000000008000150                __aeabi_drsub
                0x0000000008000158                __aeabi_dsub
                0x0000000008000158                __subdf3
                0x000000000800015c                __aeabi_dadd
                0x000000000800015c                __adddf3
                0x00000000080003d4                __floatunsidf
                0x00000000080003d4                __aeabi_ui2d
                0x00000000080003f4                __floatsidf
                0x00000000080003f4                __aeabi_i2d
                0x0000000008000418                __aeabi_f2d
                0x0000000008000418                __extendsfdf2
                0x000000000800045c                __floatundidf
                0x000000000800045c                __aeabi_ul2d
                0x000000000800046c                __floatdidf
                0x000000000800046c                __aeabi_l2d
 .text          0x00000000080004c8      0x424 c:/st/stm32cubeide_1.0.0/stm32cubeide/plugins/com.st.stm32cube.ide.mcu.externaltools.gnu-tools-for-stm32.7-2018-q2-update.win32_1.0.0.201904181610/tools/bin/../lib/gcc/arm-none-eabi/7.3.1/thumb/v7-m\libgcc.a(_arm_muldivdf3.o)
                0x00000000080004c8                __aeabi_dmul
                0x00000000080004c8                __muldf3
                0x000000000800071c                __divdf3
                0x000000000800071c                __aeabi_ddiv
 .text          0x00000000080008ec       0xa0 c:/st/stm32cubeide_1.0.0/stm32cubeide/plugins/com.st.stm32cube.ide.mcu.externaltools.gnu-tools-for-stm32.7-2018-q2-update.win32_1.0.0.201904181610/tools/bin/../lib/gcc/arm-none-eabi/7.3.1/thumb/v7-m\libgcc.a(_arm_truncdfsf2.o)
                0x00000000080008ec                __truncdfsf2
                0x00000000080008ec                __aeabi_d2f
 .text          0x000000000800098c      0x21c c:/st/stm32cubeide_1.0.0/stm32cubeide/plugins/com.st.stm32cube.ide.mcu.externaltools.gnu-tools-for-stm32.7-2018-q2-update.win32_1.0.0.201904181610/tools/bin/../lib/gcc/arm-none-eabi/7.3.1/thumb/v7-m\libgcc.a(_arm_addsubsf3.o)
                0x000000000800098c                __aeabi_frsub
                0x0000000008000994                __subsf3
                0x0000000008000994                __aeabi_fsub
                0x0000000008000998                __aeabi_fadd
                0x0000000008000998                __addsf3
                0x0000000008000af8                __aeabi_ui2f
                0x0000000008000af8                __floatunsisf
                0x0000000008000b00                __aeabi_i2f
                0x0000000008000b00                __floatsisf
                0x0000000008000b1c                __aeabi_ul2f
                0x0000000008000b1c                __floatundisf
                0x0000000008000b2c                __aeabi_l2f
                0x0000000008000b2c                __floatdisf
 .text          0x0000000008000ba8      0x2a0 c:/st/stm32cubeide_1.0.0/stm32cubeide/plugins/com.st.stm32cube.ide.mcu.externaltools.gnu-tools-for-stm32.7-2018-q2-update.win32_1.0.0.201904181610/tools/bin/../lib/gcc/arm-none-eabi/7.3.1/thumb/v7-m\libgcc.a(_arm_muldivsf3.o)
                0x0000000008000ba8                __mulsf3
                0x0000000008000ba8                __aeabi_fmul
                0x0000000008000d10                __aeabi_fdiv
                0x0000000008000d10                __divsf3
 .text          0x0000000008000e48       0x40 c:/st/stm32cubeide_1.0.0/stm32cubeide/plugins/com.st.stm32cube.ide.mcu.externaltools.gnu-tools-for-stm32.7-2018-q2-update.win32_1.0.0.201904181610/tools/bin/../lib/gcc/arm-none-eabi/7.3.1/thumb/v7-m\libgcc.a(_arm_fixunssfsi.o)
                0x0000000008000e48                __fixunssfsi
                0x0000000008000e48                __aeabi_f2uiz
 *(.text*)
 .text.SystemInit
                0x0000000008000e88       0xf0 CMSIS/system_stm32l1xx.o
                0x0000000008000e88                SystemInit
 .text.LCD_bar  0x0000000008000f78       0x34 STM32L-Discovery/stm32l_discovery_lcd.o
                0x0000000008000f78                LCD_bar
 .text.LCD_GLASS_WriteChar
                0x0000000008000fac      0x3fc STM32L-Discovery/stm32l_discovery_lcd.o
                0x0000000008000fac                LCD_GLASS_WriteChar
 .text.LCD_GLASS_DisplayString
                0x00000000080013a8       0x28 STM32L-Discovery/stm32l_discovery_lcd.o
                0x00000000080013a8                LCD_GLASS_DisplayString
 .text.LCD_GLASS_DisplayStrDeci
                0x00000000080013d0       0x54 STM32L-Discovery/stm32l_discovery_lcd.o
                0x00000000080013d0                LCD_GLASS_DisplayStrDeci
 .text.LCD_GLASS_Clear
                0x0000000008001424       0x34 STM32L-Discovery/stm32l_discovery_lcd.o
                0x0000000008001424                LCD_GLASS_Clear
 .text.LCD_GLASS_Init
                0x0000000008001458       0x90 STM32L-Discovery/stm32l_discovery_lcd.o
                0x0000000008001458                LCD_GLASS_Init
 .text.LCD_GLASS_ScrollSentence
                0x00000000080014e8       0xf0 STM32L-Discovery/stm32l_discovery_lcd.o
                0x00000000080014e8                LCD_GLASS_ScrollSentence
 .text.TSL_Init
                0x00000000080015d8       0x24 STMTouch_Driver/tsl.o
                0x00000000080015d8                TSL_Init
 .text.TSL_acq_Init
                0x00000000080015fc      0x118 STMTouch_Driver/tsl_acq_stm32l1xx_sw.o
                0x00000000080015fc                TSL_acq_Init
 .text.TSL_acq_TestFirstReferenceIsValid
                0x0000000008001714        0x4 STMTouch_Driver/tsl_acq_stm32l1xx_sw.o
                0x0000000008001714                TSL_acq_TestFirstReferenceIsValid
 .text.TSL_linrot_GetStateMask
                0x0000000008001718       0x24 STMTouch_Driver/tsl_linrot.o
                0x0000000008001718                TSL_linrot_GetStateMask
 .text.TSL_linrot_DTOGetTime
                0x000000000800173c       0x2c STMTouch_Driver/tsl_linrot.o
                0x000000000800173c                TSL_linrot_DTOGetTime
 .text.TSL_linrot_ProcessCh_All_SetStatus
                0x0000000008001768       0x2c STMTouch_Driver/tsl_linrot.o
                0x0000000008001768                TSL_linrot_ProcessCh_All_SetStatus
 .text.TSL_linrot_SetStateOff
                0x0000000008001794       0x20 STMTouch_Driver/tsl_linrot.o
                0x0000000008001794                TSL_linrot_SetStateOff
 .text.TSL_linrot_ProcessCh_One_DataReady
                0x00000000080017b4       0x34 STMTouch_Driver/tsl_linrot.o
                0x00000000080017b4                TSL_linrot_ProcessCh_One_DataReady
 .text.TSL_linrot_Process
                0x00000000080017e8       0x50 STMTouch_Driver/tsl_linrot.o
                0x00000000080017e8                TSL_linrot_Process
 .text.TSL_linrot_ProcessCh_One_AcqStatusError
                0x0000000008001838       0x30 STMTouch_Driver/tsl_linrot.o
                0x0000000008001838                TSL_linrot_ProcessCh_One_AcqStatusError
 .text.TSL_linrot_CalibrationStateProcess
                0x0000000008001868       0xc8 STMTouch_Driver/tsl_linrot.o
                0x0000000008001868                TSL_linrot_CalibrationStateProcess
 .text.TSL_linrot_ProcessCh_All_ClearRef
                0x0000000008001930       0x28 STMTouch_Driver/tsl_linrot.o
                0x0000000008001930                TSL_linrot_ProcessCh_All_ClearRef
 .text.TSL_linrot_SetStateCalibration
                0x0000000008001958       0x60 STMTouch_Driver/tsl_linrot.o
                0x0000000008001958                TSL_linrot_SetStateCalibration
 .text.TSL_linrot_Init
                0x00000000080019b8       0x34 STMTouch_Driver/tsl_linrot.o
                0x00000000080019b8                TSL_linrot_Init
 .text.TSL_linrot_DebErrorStateProcess
                0x00000000080019ec       0x94 STMTouch_Driver/tsl_linrot.o
                0x00000000080019ec                TSL_linrot_DebErrorStateProcess
 .text.TSL_linrot_NormDelta
                0x0000000008001a80       0x20 STMTouch_Driver/tsl_linrot.o
                0x0000000008001a80                TSL_linrot_NormDelta
 .text.TSL_linrot_CalcPos
                0x0000000008001aa0      0x1f8 STMTouch_Driver/tsl_linrot.o
                0x0000000008001aa0                TSL_linrot_CalcPos
 .text.TSL_linrot_ProcessCh_One_DeltaBelowEquMinus
                0x0000000008001c98       0x3c STMTouch_Driver/tsl_linrot.o
                0x0000000008001c98                TSL_linrot_ProcessCh_One_DeltaBelowEquMinus
 .text.TSL_linrot_DebCalibrationStateProcess
                0x0000000008001cd4       0x48 STMTouch_Driver/tsl_linrot.o
                0x0000000008001cd4                TSL_linrot_DebCalibrationStateProcess
 .text.TSL_linrot_ProcessCh_One_DeltaAboveEqu
                0x0000000008001d1c       0x3c STMTouch_Driver/tsl_linrot.o
                0x0000000008001d1c                TSL_linrot_ProcessCh_One_DeltaAboveEqu
 .text.TSL_linrot_ReleaseStateProcess
                0x0000000008001d58       0x7c STMTouch_Driver/tsl_linrot.o
                0x0000000008001d58                TSL_linrot_ReleaseStateProcess
 .text.TSL_linrot_DebDetectStateProcess
                0x0000000008001dd4       0x4c STMTouch_Driver/tsl_linrot.o
                0x0000000008001dd4                TSL_linrot_DebDetectStateProcess
 .text.TSL_linrot_ProcessCh_One_DeltaAbove
                0x0000000008001e20       0x3c STMTouch_Driver/tsl_linrot.o
                0x0000000008001e20                TSL_linrot_ProcessCh_One_DeltaAbove
 .text.TSL_linrot_DebReleaseDetectStateProcess
                0x0000000008001e5c       0x40 STMTouch_Driver/tsl_linrot.o
                0x0000000008001e5c                TSL_linrot_DebReleaseDetectStateProcess
 .text.TSL_linrot_DebReleaseTouchStateProcess
                0x0000000008001e9c       0x40 STMTouch_Driver/tsl_linrot.o
                0x0000000008001e9c                TSL_linrot_DebReleaseTouchStateProcess
 .text.TSL_linrot_DetectStateProcess
                0x0000000008001edc       0xa0 STMTouch_Driver/tsl_linrot.o
                0x0000000008001edc                TSL_linrot_DetectStateProcess
 .text.TSL_linrot_TouchStateProcess
                0x0000000008001f7c       0xa0 STMTouch_Driver/tsl_linrot.o
                0x0000000008001f7c                TSL_linrot_TouchStateProcess
 .text.TSL_obj_SetGlobalObj
                0x000000000800201c       0x18 STMTouch_Driver/tsl_object.o
                0x000000000800201c                TSL_obj_SetGlobalObj
 .text.TSL_obj_GroupInit
                0x0000000008002034       0x6c STMTouch_Driver/tsl_object.o
                0x0000000008002034                TSL_obj_GroupInit
 .text.TSL_tim_ProcessIT
                0x00000000080020a0       0x34 STMTouch_Driver/tsl_time.o
                0x00000000080020a0                TSL_tim_ProcessIT
 .text.TSL_tim_CheckDelay_ms
                0x00000000080020d4       0x50 STMTouch_Driver/tsl_time.o
                0x00000000080020d4                TSL_tim_CheckDelay_ms
 .text.TSL_tim_CheckDelay_sec
                0x0000000008002124       0x5c STMTouch_Driver/tsl_time.o
                0x0000000008002124                TSL_tim_CheckDelay_sec
 .text.TSL_tim_Init
                0x0000000008002180       0x3c STMTouch_Driver/tsl_time_stm32l1xx.o
                0x0000000008002180                TSL_tim_Init
 .text.NVIC_Init
                0x00000000080021bc       0x58 StdPeriph_Driver/misc.o
                0x00000000080021bc                NVIC_Init
 .text.ADC_DeInit
                0x0000000008002214       0x2c StdPeriph_Driver/stm32l1xx_adc.o
                0x0000000008002214                ADC_DeInit
 .text.ADC_Init
                0x0000000008002240       0x4c StdPeriph_Driver/stm32l1xx_adc.o
                0x0000000008002240                ADC_Init
 .text.ADC_StructInit
                0x000000000800228c       0x18 StdPeriph_Driver/stm32l1xx_adc.o
                0x000000000800228c                ADC_StructInit
 .text.ADC_Cmd  0x00000000080022a4       0x12 StdPeriph_Driver/stm32l1xx_adc.o
                0x00000000080022a4                ADC_Cmd
 .text.ADC_PowerDownCmd
                0x00000000080022b6       0x10 StdPeriph_Driver/stm32l1xx_adc.o
                0x00000000080022b6                ADC_PowerDownCmd
 .text.ADC_DelaySelectionConfig
                0x00000000080022c6        0xc StdPeriph_Driver/stm32l1xx_adc.o
                0x00000000080022c6                ADC_DelaySelectionConfig
 *fill*         0x00000000080022d2        0x2 
 .text.ADC_TempSensorVrefintCmd
                0x00000000080022d4       0x18 StdPeriph_Driver/stm32l1xx_adc.o
                0x00000000080022d4                ADC_TempSensorVrefintCmd
 .text.ADC_RegularChannelConfig
                0x00000000080022ec      0x108 StdPeriph_Driver/stm32l1xx_adc.o
                0x00000000080022ec                ADC_RegularChannelConfig
 .text.ADC_SoftwareStartConv
                0x00000000080023f4        0xa StdPeriph_Driver/stm32l1xx_adc.o
                0x00000000080023f4                ADC_SoftwareStartConv
 .text.ADC_GetConversionValue
                0x00000000080023fe        0x6 StdPeriph_Driver/stm32l1xx_adc.o
                0x00000000080023fe                ADC_GetConversionValue
 .text.ADC_GetFlagStatus
                0x0000000008002404        0xc StdPeriph_Driver/stm32l1xx_adc.o
                0x0000000008002404                ADC_GetFlagStatus
 .text.EXTI_Init
                0x0000000008002410       0x68 StdPeriph_Driver/stm32l1xx_exti.o
                0x0000000008002410                EXTI_Init
 .text.EXTI_ClearITPendingBit
                0x0000000008002478        0xc StdPeriph_Driver/stm32l1xx_exti.o
                0x0000000008002478                EXTI_ClearITPendingBit
 .text.FLASH_SetLatency
                0x0000000008002484       0x14 StdPeriph_Driver/stm32l1xx_flash.o
                0x0000000008002484                FLASH_SetLatency
 .text.FLASH_PrefetchBufferCmd
                0x0000000008002498       0x18 StdPeriph_Driver/stm32l1xx_flash.o
                0x0000000008002498                FLASH_PrefetchBufferCmd
 .text.FLASH_ReadAccess64Cmd
                0x00000000080024b0       0x18 StdPeriph_Driver/stm32l1xx_flash.o
                0x00000000080024b0                FLASH_ReadAccess64Cmd
 .text.FLASH_SLEEPPowerDownCmd
                0x00000000080024c8       0x18 StdPeriph_Driver/stm32l1xx_flash.o
                0x00000000080024c8                FLASH_SLEEPPowerDownCmd
 .text.DATA_EEPROM_Unlock
                0x00000000080024e0       0x20 StdPeriph_Driver/stm32l1xx_flash.o
                0x00000000080024e0                DATA_EEPROM_Unlock
 .text.DATA_EEPROM_Lock
                0x0000000008002500       0x10 StdPeriph_Driver/stm32l1xx_flash.o
                0x0000000008002500                DATA_EEPROM_Lock
 .text.FLASH_OB_Unlock
                0x0000000008002510       0x30 StdPeriph_Driver/stm32l1xx_flash.o
                0x0000000008002510                FLASH_OB_Unlock
 .text.FLASH_OB_Launch
                0x0000000008002540       0x10 StdPeriph_Driver/stm32l1xx_flash.o
                0x0000000008002540                FLASH_OB_Launch
 .text.FLASH_OB_GetBOR
                0x0000000008002550       0x10 StdPeriph_Driver/stm32l1xx_flash.o
                0x0000000008002550                FLASH_OB_GetBOR
 .text.FLASH_ClearFlag
                0x0000000008002560        0xc StdPeriph_Driver/stm32l1xx_flash.o
                0x0000000008002560                FLASH_ClearFlag
 .text.FLASH_GetStatus
                0x000000000800256c       0x28 StdPeriph_Driver/stm32l1xx_flash.o
                0x000000000800256c                FLASH_GetStatus
 .text.FLASH_WaitForLastOperation
                0x0000000008002594       0x40 StdPeriph_Driver/stm32l1xx_flash.o
                0x0000000008002594                FLASH_WaitForLastOperation
 .text.DATA_EEPROM_EraseWord
                0x00000000080025d4       0x1c StdPeriph_Driver/stm32l1xx_flash.o
                0x00000000080025d4                DATA_EEPROM_EraseWord
 .text.DATA_EEPROM_FastProgramWord
                0x00000000080025f0       0x34 StdPeriph_Driver/stm32l1xx_flash.o
                0x00000000080025f0                DATA_EEPROM_FastProgramWord
 .text.DATA_EEPROM_FastProgramByte
                0x0000000008002624       0x68 StdPeriph_Driver/stm32l1xx_flash.o
                0x0000000008002624                DATA_EEPROM_FastProgramByte
 .text.FLASH_OB_BORConfig
                0x000000000800268c       0x40 StdPeriph_Driver/stm32l1xx_flash.o
                0x000000000800268c                FLASH_OB_BORConfig
 .text.GPIO_Init
                0x00000000080026cc       0x84 StdPeriph_Driver/stm32l1xx_gpio.o
                0x00000000080026cc                GPIO_Init
 .text.GPIO_PinAFConfig
                0x0000000008002750       0x24 StdPeriph_Driver/stm32l1xx_gpio.o
                0x0000000008002750                GPIO_PinAFConfig
 .text.LCD_Cmd  0x0000000008002774        0xc StdPeriph_Driver/stm32l1xx_lcd.o
                0x0000000008002774                LCD_Cmd
 .text.LCD_WaitForSynchro
                0x0000000008002780       0x1c StdPeriph_Driver/stm32l1xx_lcd.o
                0x0000000008002780                LCD_WaitForSynchro
 .text.LCD_Init
                0x000000000800279c       0x40 StdPeriph_Driver/stm32l1xx_lcd.o
                0x000000000800279c                LCD_Init
 .text.LCD_MuxSegmentCmd
                0x00000000080027dc        0xc StdPeriph_Driver/stm32l1xx_lcd.o
                0x00000000080027dc                LCD_MuxSegmentCmd
 .text.LCD_PulseOnDurationConfig
                0x00000000080027e8       0x18 StdPeriph_Driver/stm32l1xx_lcd.o
                0x00000000080027e8                LCD_PulseOnDurationConfig
 .text.LCD_DeadTimeConfig
                0x0000000008002800       0x18 StdPeriph_Driver/stm32l1xx_lcd.o
                0x0000000008002800                LCD_DeadTimeConfig
 .text.LCD_BlinkConfig
                0x0000000008002818       0x18 StdPeriph_Driver/stm32l1xx_lcd.o
                0x0000000008002818                LCD_BlinkConfig
 .text.LCD_ContrastConfig
                0x0000000008002830       0x18 StdPeriph_Driver/stm32l1xx_lcd.o
                0x0000000008002830                LCD_ContrastConfig
 .text.LCD_UpdateDisplayRequest
                0x0000000008002848        0xc StdPeriph_Driver/stm32l1xx_lcd.o
                0x0000000008002848                LCD_UpdateDisplayRequest
 .text.LCD_GetFlagStatus
                0x0000000008002854       0x14 StdPeriph_Driver/stm32l1xx_lcd.o
                0x0000000008002854                LCD_GetFlagStatus
 .text.PWR_RTCAccessCmd
                0x0000000008002868        0xc StdPeriph_Driver/stm32l1xx_pwr.o
                0x0000000008002868                PWR_RTCAccessCmd
 .text.PWR_PVDCmd
                0x0000000008002874        0xc StdPeriph_Driver/stm32l1xx_pwr.o
                0x0000000008002874                PWR_PVDCmd
 .text.PWR_WakeUpPinCmd
                0x0000000008002880       0x18 StdPeriph_Driver/stm32l1xx_pwr.o
                0x0000000008002880                PWR_WakeUpPinCmd
 .text.PWR_FastWakeUpCmd
                0x0000000008002898        0xc StdPeriph_Driver/stm32l1xx_pwr.o
                0x0000000008002898                PWR_FastWakeUpCmd
 .text.PWR_UltraLowPowerCmd
                0x00000000080028a4        0xc StdPeriph_Driver/stm32l1xx_pwr.o
                0x00000000080028a4                PWR_UltraLowPowerCmd
 .text.PWR_VoltageScalingConfig
                0x00000000080028b0       0x18 StdPeriph_Driver/stm32l1xx_pwr.o
                0x00000000080028b0                PWR_VoltageScalingConfig
 .text.PWR_EnterLowPowerRunMode
                0x00000000080028c8       0x28 StdPeriph_Driver/stm32l1xx_pwr.o
                0x00000000080028c8                PWR_EnterLowPowerRunMode
 .text.PWR_EnterSleepMode
                0x00000000080028f0       0x2c StdPeriph_Driver/stm32l1xx_pwr.o
                0x00000000080028f0                PWR_EnterSleepMode
 .text.PWR_EnterSTOPMode
                0x000000000800291c       0x34 StdPeriph_Driver/stm32l1xx_pwr.o
                0x000000000800291c                PWR_EnterSTOPMode
 .text.PWR_EnterSTANDBYMode
                0x0000000008002950       0x28 StdPeriph_Driver/stm32l1xx_pwr.o
                0x0000000008002950                PWR_EnterSTANDBYMode
 .text.PWR_GetFlagStatus
                0x0000000008002978       0x14 StdPeriph_Driver/stm32l1xx_pwr.o
                0x0000000008002978                PWR_GetFlagStatus
 .text.PWR_ClearFlag
                0x000000000800298c       0x10 StdPeriph_Driver/stm32l1xx_pwr.o
                0x000000000800298c                PWR_ClearFlag
 .text.RCC_DeInit
                0x000000000800299c       0x3c StdPeriph_Driver/stm32l1xx_rcc.o
                0x000000000800299c                RCC_DeInit
 .text.RCC_HSEConfig
                0x00000000080029d8       0x10 StdPeriph_Driver/stm32l1xx_rcc.o
                0x00000000080029d8                RCC_HSEConfig
 .text.RCC_MSIRangeConfig
                0x00000000080029e8       0x14 StdPeriph_Driver/stm32l1xx_rcc.o
                0x00000000080029e8                RCC_MSIRangeConfig
 .text.RCC_HSICmd
                0x00000000080029fc        0xc StdPeriph_Driver/stm32l1xx_rcc.o
                0x00000000080029fc                RCC_HSICmd
 .text.RCC_LSEConfig
                0x0000000008002a08       0x10 StdPeriph_Driver/stm32l1xx_rcc.o
                0x0000000008002a08                RCC_LSEConfig
 .text.RCC_LSICmd
                0x0000000008002a18        0xc StdPeriph_Driver/stm32l1xx_rcc.o
                0x0000000008002a18                RCC_LSICmd
 .text.RCC_SYSCLKConfig
                0x0000000008002a24       0x14 StdPeriph_Driver/stm32l1xx_rcc.o
                0x0000000008002a24                RCC_SYSCLKConfig
 .text.RCC_GetSYSCLKSource
                0x0000000008002a38       0x10 StdPeriph_Driver/stm32l1xx_rcc.o
                0x0000000008002a38                RCC_GetSYSCLKSource
 .text.RCC_HCLKConfig
                0x0000000008002a48       0x14 StdPeriph_Driver/stm32l1xx_rcc.o
                0x0000000008002a48                RCC_HCLKConfig
 .text.RCC_PCLK1Config
                0x0000000008002a5c       0x14 StdPeriph_Driver/stm32l1xx_rcc.o
                0x0000000008002a5c                RCC_PCLK1Config
 .text.RCC_PCLK2Config
                0x0000000008002a70       0x14 StdPeriph_Driver/stm32l1xx_rcc.o
                0x0000000008002a70                RCC_PCLK2Config
 .text.RCC_GetClocksFreq
                0x0000000008002a84       0xa4 StdPeriph_Driver/stm32l1xx_rcc.o
                0x0000000008002a84                RCC_GetClocksFreq
 .text.RCC_RTCCLKConfig
                0x0000000008002b28       0x30 StdPeriph_Driver/stm32l1xx_rcc.o
                0x0000000008002b28                RCC_RTCCLKConfig
 .text.RCC_RTCCLKCmd
                0x0000000008002b58        0xc StdPeriph_Driver/stm32l1xx_rcc.o
                0x0000000008002b58                RCC_RTCCLKCmd
 .text.RCC_RTCResetCmd
                0x0000000008002b64        0xc StdPeriph_Driver/stm32l1xx_rcc.o
                0x0000000008002b64                RCC_RTCResetCmd
 .text.RCC_AHBPeriphClockCmd
                0x0000000008002b70       0x18 StdPeriph_Driver/stm32l1xx_rcc.o
                0x0000000008002b70                RCC_AHBPeriphClockCmd
 .text.RCC_APB2PeriphClockCmd
                0x0000000008002b88       0x18 StdPeriph_Driver/stm32l1xx_rcc.o
                0x0000000008002b88                RCC_APB2PeriphClockCmd
 .text.RCC_APB1PeriphClockCmd
                0x0000000008002ba0       0x18 StdPeriph_Driver/stm32l1xx_rcc.o
                0x0000000008002ba0                RCC_APB1PeriphClockCmd
 .text.RCC_APB2PeriphResetCmd
                0x0000000008002bb8       0x18 StdPeriph_Driver/stm32l1xx_rcc.o
                0x0000000008002bb8                RCC_APB2PeriphResetCmd
 .text.RCC_GetFlagStatus
                0x0000000008002bd0       0x20 StdPeriph_Driver/stm32l1xx_rcc.o
                0x0000000008002bd0                RCC_GetFlagStatus
 .text.RTC_OutputConfig
                0x0000000008002bf0       0x24 StdPeriph_Driver/stm32l1xx_rtc.o
                0x0000000008002bf0                RTC_OutputConfig
 .text.RTC_OutputTypeConfig
                0x0000000008002c14       0x18 StdPeriph_Driver/stm32l1xx_rtc.o
                0x0000000008002c14                RTC_OutputTypeConfig
 .text.RTC_ITConfig
                0x0000000008002c2c       0x3c StdPeriph_Driver/stm32l1xx_rtc.o
                0x0000000008002c2c                RTC_ITConfig
 .text.RTC_ClearITPendingBit
                0x0000000008002c68       0x1c StdPeriph_Driver/stm32l1xx_rtc.o
                0x0000000008002c68                RTC_ClearITPendingBit
 .text.SYSCFG_EXTILineConfig
                0x0000000008002c84       0x2a StdPeriph_Driver/stm32l1xx_syscfg.o
                0x0000000008002c84                SYSCFG_EXTILineConfig
 *fill*         0x0000000008002cae        0x2 
 .text.Reset_Handler
                0x0000000008002cb0       0x48 TrueSTUDIO/startup_stm32l1xx_md.o
                0x0000000008002cb0                Reset_Handler
 .text.Default_Handler
                0x0000000008002cf8        0x2 TrueSTUDIO/startup_stm32l1xx_md.o
                0x0000000008002cf8                RTC_Alarm_IRQHandler
                0x0000000008002cf8                EXTI2_IRQHandler
                0x0000000008002cf8                TIM10_IRQHandler
                0x0000000008002cf8                USB_HP_IRQHandler
                0x0000000008002cf8                TIM6_IRQHandler
                0x0000000008002cf8                PVD_IRQHandler
                0x0000000008002cf8                EXTI3_IRQHandler
                0x0000000008002cf8                I2C2_EV_IRQHandler
                0x0000000008002cf8                SPI1_IRQHandler
                0x0000000008002cf8                USB_FS_WKUP_IRQHandler
                0x0000000008002cf8                DMA1_Channel4_IRQHandler
                0x0000000008002cf8                ADC1_IRQHandler
                0x0000000008002cf8                USART3_IRQHandler
                0x0000000008002cf8                DMA1_Channel7_IRQHandler
                0x0000000008002cf8                LCD_IRQHandler
                0x0000000008002cf8                TIM4_IRQHandler
                0x0000000008002cf8                I2C1_EV_IRQHandler
                0x0000000008002cf8                DMA1_Channel6_IRQHandler
                0x0000000008002cf8                TIM3_IRQHandler
                0x0000000008002cf8                RCC_IRQHandler
                0x0000000008002cf8                DMA1_Channel1_IRQHandler
                0x0000000008002cf8                Default_Handler
                0x0000000008002cf8                EXTI15_10_IRQHandler
                0x0000000008002cf8                TIM7_IRQHandler
                0x0000000008002cf8                EXTI9_5_IRQHandler
                0x0000000008002cf8                TIM9_IRQHandler
                0x0000000008002cf8                TAMPER_STAMP_IRQHandler
                0x0000000008002cf8                SPI2_IRQHandler
                0x0000000008002cf8                DMA1_Channel5_IRQHandler
                0x0000000008002cf8                USB_LP_IRQHandler
                0x0000000008002cf8                EXTI4_IRQHandler
                0x0000000008002cf8                DMA1_Channel3_IRQHandler
                0x0000000008002cf8                COMP_IRQHandler
                0x0000000008002cf8                WWDG_IRQHandler
                0x0000000008002cf8                TIM2_IRQHandler
                0x0000000008002cf8                DAC_IRQHandler
                0x0000000008002cf8                EXTI1_IRQHandler
                0x0000000008002cf8                TIM11_IRQHandler
                0x0000000008002cf8                USART2_IRQHandler
                0x0000000008002cf8                I2C2_ER_IRQHandler
                0x0000000008002cf8                DMA1_Channel2_IRQHandler
                0x0000000008002cf8                FLASH_IRQHandler
                0x0000000008002cf8                USART1_IRQHandler
                0x0000000008002cf8                I2C1_ER_IRQHandler
 .text.convert_into_char
                0x0000000008002cfa       0xac User/discover_functions.o
                0x0000000008002cfa                convert_into_char
 *fill*         0x0000000008002da6        0x2 
 .text.Vdd_appli
                0x0000000008002da8       0x58 User/discover_functions.o
                0x0000000008002da8                Vdd_appli
 .text.display_MuAmp
                0x0000000008002e00       0x5c User/discover_functions.o
                0x0000000008002e00                display_MuAmp
 .text.Bias_measurement
                0x0000000008002e5c       0xc0 User/discover_functions.o
                0x0000000008002e5c                Bias_measurement
 .text.GPIO_LowPower_Config
                0x0000000008002f1c       0xf4 User/icc_measure.o
                0x0000000008002f1c                GPIO_LowPower_Config
 .text.Restore_GPIO_Config
                0x0000000008003010       0xa0 User/icc_measure.o
                0x0000000008003010                Restore_GPIO_Config
 .text.Config_Systick
                0x00000000080030b0       0x40 User/icc_measure.o
                0x00000000080030b0                Config_Systick
 .text.Config_Systick_50ms
                0x00000000080030f0       0x3c User/icc_measure.o
                0x00000000080030f0                Config_Systick_50ms
 .text.SetHSICLKToMSI
                0x000000000800312c       0xc0 User/icc_measure.o
                0x000000000800312c                SetHSICLKToMSI
 .text.SetHSICLK
                0x00000000080031ec       0x70 User/icc_measure.o
                0x00000000080031ec                SetHSICLK
 .text.ADC_Icc_Init
                0x000000000800325c       0x9c User/icc_measure.o
                0x000000000800325c                ADC_Icc_Init
 .text.ADC_Supply
                0x00000000080032f8       0x7c User/icc_measure.o
                0x00000000080032f8                ADC_Supply
 .text.Config_RCC
                0x0000000008003374       0x30 User/icc_measure.o
                0x0000000008003374                Config_RCC
 .text.Current_Measurement
                0x00000000080033a4       0x50 User/icc_measure.o
                0x00000000080033a4                Current_Measurement
 .text.ADC_Icc_Test
                0x00000000080033f4      0x34c User/icc_measure.o
                0x00000000080033f4                ADC_Icc_Test
 .text.RCC_Configuration
                0x0000000008003740       0xb0 User/main.o
                0x0000000008003740                RCC_Configuration
 .text.Init_GPIOs
                0x00000000080037f0      0x1ec User/main.o
                0x00000000080037f0                Init_GPIOs
 .text.MyLinRots_ErrorStateProcess
                0x00000000080039dc        0x8 User/main.o
                0x00000000080039dc                MyLinRots_ErrorStateProcess
 .text.MyLinRots_OffStateProcess
                0x00000000080039e4        0x2 User/main.o
                0x00000000080039e4                MyLinRots_OffStateProcess
 *fill*         0x00000000080039e6        0x2 
 .text.Delay    0x00000000080039e8       0x1c User/main.o
                0x00000000080039e8                Delay
 .text.startup.main
                0x0000000008003a04      0x130 User/main.o
                0x0000000008003a04                main
 .text.NMI_Handler
                0x0000000008003b34        0x2 User/stm32l1xx_it.o
                0x0000000008003b34                NMI_Handler
 .text.HardFault_Handler
                0x0000000008003b36        0x2 User/stm32l1xx_it.o
                0x0000000008003b36                HardFault_Handler
 .text.MemManage_Handler
                0x0000000008003b38        0x2 User/stm32l1xx_it.o
                0x0000000008003b38                MemManage_Handler
 .text.BusFault_Handler
                0x0000000008003b3a        0x2 User/stm32l1xx_it.o
                0x0000000008003b3a                BusFault_Handler
 .text.UsageFault_Handler
                0x0000000008003b3c        0x2 User/stm32l1xx_it.o
                0x0000000008003b3c                UsageFault_Handler
 .text.SVC_Handler
                0x0000000008003b3e        0x2 User/stm32l1xx_it.o
                0x0000000008003b3e                SVC_Handler
 .text.DebugMon_Handler
                0x0000000008003b40        0x2 User/stm32l1xx_it.o
                0x0000000008003b40                DebugMon_Handler
 .text.PendSV_Handler
                0x0000000008003b42        0x2 User/stm32l1xx_it.o
                0x0000000008003b42                PendSV_Handler
 .text.SysTick_Handler
                0x0000000008003b44        0x8 User/stm32l1xx_it.o
                0x0000000008003b44                SysTick_Handler
 .text.UserButtonHandler
                0x0000000008003b4c      0x134 User/stm32l1xx_it.o
                0x0000000008003b4c                UserButtonHandler
 .text.EXTI0_IRQHandler
                0x0000000008003c80       0x38 User/stm32l1xx_it.o
                0x0000000008003c80                EXTI0_IRQHandler
 .text.RTC_WKUP_IRQHandler
                0x0000000008003cb8       0x20 User/stm32l1xx_it.o
                0x0000000008003cb8                RTC_WKUP_IRQHandler
 .text.TSL_user_Init
                0x0000000008003cd8       0x24 User/tsl_user.o
                0x0000000008003cd8                TSL_user_Init
 .text.__libc_init_array
                0x0000000008003cfc       0x48 c:/st/stm32cubeide_1.0.0/stm32cubeide/plugins/com.st.stm32cube.ide.mcu.externaltools.gnu-tools-for-stm32.7-2018-q2-update.win32_1.0.0.201904181610/tools/bin/../lib/gcc/arm-none-eabi/7.3.1/../../../../arm-none-eabi/lib/thumb/v7-m\libc_nano.a(lib_a-init.o)
                0x0000000008003cfc                __libc_init_array
 .text.sprintf  0x0000000008003d44       0x40 c:/st/stm32cubeide_1.0.0/stm32cubeide/plugins/com.st.stm32cube.ide.mcu.externaltools.gnu-tools-for-stm32.7-2018-q2-update.win32_1.0.0.201904181610/tools/bin/../lib/gcc/arm-none-eabi/7.3.1/../../../../arm-none-eabi/lib/thumb/v7-m\libc_nano.a(lib_a-sprintf.o)
                0x0000000008003d44                siprintf
                0x0000000008003d44                sprintf
 .text.__ssputs_r
                0x0000000008003d84       0xb4 c:/st/stm32cubeide_1.0.0/stm32cubeide/plugins/com.st.stm32cube.ide.mcu.externaltools.gnu-tools-for-stm32.7-2018-q2-update.win32_1.0.0.201904181610/tools/bin/../lib/gcc/arm-none-eabi/7.3.1/../../../../arm-none-eabi/lib/thumb/v7-m\libc_nano.a(lib_a-nano-svfprintf.o)
                0x0000000008003d84                __ssputs_r
 .text._svfprintf_r
                0x0000000008003e38      0x1f0 c:/st/stm32cubeide_1.0.0/stm32cubeide/plugins/com.st.stm32cube.ide.mcu.externaltools.gnu-tools-for-stm32.7-2018-q2-update.win32_1.0.0.201904181610/tools/bin/../lib/gcc/arm-none-eabi/7.3.1/../../../../arm-none-eabi/lib/thumb/v7-m\libc_nano.a(lib_a-nano-svfprintf.o)
                0x0000000008003e38                _svfiprintf_r
                0x0000000008003e38                _svfprintf_r
 .text._printf_common
                0x0000000008004028       0xec c:/st/stm32cubeide_1.0.0/stm32cubeide/plugins/com.st.stm32cube.ide.mcu.externaltools.gnu-tools-for-stm32.7-2018-q2-update.win32_1.0.0.201904181610/tools/bin/../lib/gcc/arm-none-eabi/7.3.1/../../../../arm-none-eabi/lib/thumb/v7-m\libc_nano.a(lib_a-nano-vfprintf_i.o)
                0x0000000008004028                _printf_common
 .text._printf_i
                0x0000000008004114      0x224 c:/st/stm32cubeide_1.0.0/stm32cubeide/plugins/com.st.stm32cube.ide.mcu.externaltools.gnu-tools-for-stm32.7-2018-q2-update.win32_1.0.0.201904181610/tools/bin/../lib/gcc/arm-none-eabi/7.3.1/../../../../arm-none-eabi/lib/thumb/v7-m\libc_nano.a(lib_a-nano-vfprintf_i.o)
                0x0000000008004114                _printf_i
 .text.memchr   0x0000000008004338       0x1c c:/st/stm32cubeide_1.0.0/stm32cubeide/plugins/com.st.stm32cube.ide.mcu.externaltools.gnu-tools-for-stm32.7-2018-q2-update.win32_1.0.0.201904181610/tools/bin/../lib/gcc/arm-none-eabi/7.3.1/../../../../arm-none-eabi/lib/thumb/v7-m\libc_nano.a(lib_a-memchr-stub.o)
                0x0000000008004338                memchr
 .text.memcpy   0x0000000008004354       0x16 c:/st/stm32cubeide_1.0.0/stm32cubeide/plugins/com.st.stm32cube.ide.mcu.externaltools.gnu-tools-for-stm32.7-2018-q2-update.win32_1.0.0.201904181610/tools/bin/../lib/gcc/arm-none-eabi/7.3.1/../../../../arm-none-eabi/lib/thumb/v7-m\libc_nano.a(lib_a-memcpy-stub.o)
                0x0000000008004354                memcpy
 .text.memmove  0x000000000800436a       0x32 c:/st/stm32cubeide_1.0.0/stm32cubeide/plugins/com.st.stm32cube.ide.mcu.externaltools.gnu-tools-for-stm32.7-2018-q2-update.win32_1.0.0.201904181610/tools/bin/../lib/gcc/arm-none-eabi/7.3.1/../../../../arm-none-eabi/lib/thumb/v7-m\libc_nano.a(lib_a-memmove.o)
                0x000000000800436a                memmove
 .text._free_r  0x000000000800439c       0x98 c:/st/stm32cubeide_1.0.0/stm32cubeide/plugins/com.st.stm32cube.ide.mcu.externaltools.gnu-tools-for-stm32.7-2018-q2-update.win32_1.0.0.201904181610/tools/bin/../lib/gcc/arm-none-eabi/7.3.1/../../../../arm-none-eabi/lib/thumb/v7-m\libc_nano.a(lib_a-nano-freer.o)
                0x000000000800439c                _free_r
 .text._malloc_r
                0x0000000008004434       0xb4 c:/st/stm32cubeide_1.0.0/stm32cubeide/plugins/com.st.stm32cube.ide.mcu.externaltools.gnu-tools-for-stm32.7-2018-q2-update.win32_1.0.0.201904181610/tools/bin/../lib/gcc/arm-none-eabi/7.3.1/../../../../arm-none-eabi/lib/thumb/v7-m\libc_nano.a(lib_a-nano-mallocr.o)
                0x0000000008004434                _malloc_r
 .text._realloc_r
                0x00000000080044e8       0x4c c:/st/stm32cubeide_1.0.0/stm32cubeide/plugins/com.st.stm32cube.ide.mcu.externaltools.gnu-tools-for-stm32.7-2018-q2-update.win32_1.0.0.201904181610/tools/bin/../lib/gcc/arm-none-eabi/7.3.1/../../../../arm-none-eabi/lib/thumb/v7-m\libc_nano.a(lib_a-nano-reallocr.o)
                0x00000000080044e8                _realloc_r
 .text._sbrk_r  0x0000000008004534       0x20 c:/st/stm32cubeide_1.0.0/stm32cubeide/plugins/com.st.stm32cube.ide.mcu.externaltools.gnu-tools-for-stm32.7-2018-q2-update.win32_1.0.0.201904181610/tools/bin/../lib/gcc/arm-none-eabi/7.3.1/../../../../arm-none-eabi/lib/thumb/v7-m\libc_nano.a(lib_a-sbrkr.o)
                0x0000000008004534                _sbrk_r
 .text.__malloc_lock
                0x0000000008004554        0x2 c:/st/stm32cubeide_1.0.0/stm32cubeide/plugins/com.st.stm32cube.ide.mcu.externaltools.gnu-tools-for-stm32.7-2018-q2-update.win32_1.0.0.201904181610/tools/bin/../lib/gcc/arm-none-eabi/7.3.1/../../../../arm-none-eabi/lib/thumb/v7-m\libc_nano.a(lib_a-mlock.o)
                0x0000000008004554                __malloc_lock
 .text.__malloc_unlock
                0x0000000008004556        0x2 c:/st/stm32cubeide_1.0.0/stm32cubeide/plugins/com.st.stm32cube.ide.mcu.externaltools.gnu-tools-for-stm32.7-2018-q2-update.win32_1.0.0.201904181610/tools/bin/../lib/gcc/arm-none-eabi/7.3.1/../../../../arm-none-eabi/lib/thumb/v7-m\libc_nano.a(lib_a-mlock.o)
                0x0000000008004556                __malloc_unlock
 .text._malloc_usable_size_r
                0x0000000008004558       0x10 c:/st/stm32cubeide_1.0.0/stm32cubeide/plugins/com.st.stm32cube.ide.mcu.externaltools.gnu-tools-for-stm32.7-2018-q2-update.win32_1.0.0.201904181610/tools/bin/../lib/gcc/arm-none-eabi/7.3.1/../../../../arm-none-eabi/lib/thumb/v7-m\libc_nano.a(lib_a-nano-msizer.o)
                0x0000000008004558                _malloc_usable_size_r
 .text._sbrk    0x0000000008004568       0x1c c:/st/stm32cubeide_1.0.0/stm32cubeide/plugins/com.st.stm32cube.ide.mcu.externaltools.gnu-tools-for-stm32.7-2018-q2-update.win32_1.0.0.201904181610/tools/bin/../lib/gcc/arm-none-eabi/7.3.1/../../../../arm-none-eabi/lib/thumb/v7-m\libnosys.a(sbrk.o)
                0x0000000008004568                _sbrk
 *(.glue_7)
 .glue_7        0x0000000008004584        0x0 linker stubs
 *(.glue_7t)
 .glue_7t       0x0000000008004584        0x0 linker stubs
 *(.eh_frame)
 .eh_frame      0x0000000008004584        0x0 c:/st/stm32cubeide_1.0.0/stm32cubeide/plugins/com.st.stm32cube.ide.mcu.externaltools.gnu-tools-for-stm32.7-2018-q2-update.win32_1.0.0.201904181610/tools/bin/../lib/gcc/arm-none-eabi/7.3.1/thumb/v7-m/crtbegin.o
 *(.init)
 .init          0x0000000008004584        0x4 c:/st/stm32cubeide_1.0.0/stm32cubeide/plugins/com.st.stm32cube.ide.mcu.externaltools.gnu-tools-for-stm32.7-2018-q2-update.win32_1.0.0.201904181610/tools/bin/../lib/gcc/arm-none-eabi/7.3.1/thumb/v7-m/crti.o
                0x0000000008004584                _init
 .init          0x0000000008004588        0x8 c:/st/stm32cubeide_1.0.0/stm32cubeide/plugins/com.st.stm32cube.ide.mcu.externaltools.gnu-tools-for-stm32.7-2018-q2-update.win32_1.0.0.201904181610/tools/bin/../lib/gcc/arm-none-eabi/7.3.1/thumb/v7-m/crtn.o
 *(.fini)
 .fini          0x0000000008004590        0x4 c:/st/stm32cubeide_1.0.0/stm32cubeide/plugins/com.st.stm32cube.ide.mcu.externaltools.gnu-tools-for-stm32.7-2018-q2-update.win32_1.0.0.201904181610/tools/bin/../lib/gcc/arm-none-eabi/7.3.1/thumb/v7-m/crti.o
                0x0000000008004590                _fini
 .fini          0x0000000008004594        0x8 c:/st/stm32cubeide_1.0.0/stm32cubeide/plugins/com.st.stm32cube.ide.mcu.externaltools.gnu-tools-for-stm32.7-2018-q2-update.win32_1.0.0.201904181610/tools/bin/../lib/gcc/arm-none-eabi/7.3.1/thumb/v7-m/crtn.o
                0x000000000800459c                . = ALIGN (0x4)
                0x000000000800459c                _etext = .

.vfp11_veneer   0x000000000800459c        0x0
 .vfp11_veneer  0x000000000800459c        0x0 linker stubs

.v4_bx          0x000000000800459c        0x0
 .v4_bx         0x000000000800459c        0x0 linker stubs

.iplt           0x000000000800459c        0x0
 .iplt          0x000000000800459c        0x0 c:/st/stm32cubeide_1.0.0/stm32cubeide/plugins/com.st.stm32cube.ide.mcu.externaltools.gnu-tools-for-stm32.7-2018-q2-update.win32_1.0.0.201904181610/tools/bin/../lib/gcc/arm-none-eabi/7.3.1/thumb/v7-m/crtbegin.o

.rodata         0x000000000800459c      0x1b8
                0x000000000800459c                . = ALIGN (0x4)
 *(.rodata)
 *(.rodata*)
 .rodata.CapLetterMap
                0x000000000800459c       0x34 STM32L-Discovery/stm32l_discovery_lcd.o
                0x000000000800459c                CapLetterMap
 .rodata.NumberMap
                0x00000000080045d0       0x14 STM32L-Discovery/stm32l_discovery_lcd.o
                0x00000000080045d0                NumberMap
 .rodata.TSL_POSOFF_3CH_LIN_H
                0x00000000080045e4       0x12 STMTouch_Driver/tsl_linrot.o
                0x00000000080045e4                TSL_POSOFF_3CH_LIN_H
 .rodata.Bias_measurement.str1.1
                0x00000000080045f6       0x24 User/discover_functions.o
 .rodata.main.str1.1
                0x000000000800461a        0xa User/main.o
 .rodata.MyBanks
                0x0000000008004624       0x10 User/tsl_user.o
                0x0000000008004624                MyBanks
 .rodata.MyChannels_Dest
                0x0000000008004634        0x3 User/tsl_user.o
                0x0000000008004634                MyChannels_Dest
 .rodata.MyChannels_Src
                0x0000000008004637        0x9 User/tsl_user.o
                0x0000000008004637                MyChannels_Src
 .rodata.MyLinRot_DeltaCoeff
                0x0000000008004640        0x6 User/tsl_user.o
                0x0000000008004640                MyLinRot_DeltaCoeff
 *fill*         0x0000000008004646        0x2 
 .rodata.MyLinRots
                0x0000000008004648       0x24 User/tsl_user.o
                0x0000000008004648                MyLinRots
 .rodata.MyLinRots_Methods
                0x000000000800466c        0xc User/tsl_user.o
                0x000000000800466c                MyLinRots_Methods
 .rodata.MyLinRots_StateMachine
                0x0000000008004678       0xa0 User/tsl_user.o
                0x0000000008004678                MyLinRots_StateMachine
 .rodata.MyObjects
                0x0000000008004718        0x8 User/tsl_user.o
                0x0000000008004718                MyObjects
 .rodata._svfprintf_r.str1.1
                0x0000000008004720       0x11 c:/st/stm32cubeide_1.0.0/stm32cubeide/plugins/com.st.stm32cube.ide.mcu.externaltools.gnu-tools-for-stm32.7-2018-q2-update.win32_1.0.0.201904181610/tools/bin/../lib/gcc/arm-none-eabi/7.3.1/../../../../arm-none-eabi/lib/thumb/v7-m\libc_nano.a(lib_a-nano-svfprintf.o)
 .rodata._printf_i.str1.1
                0x0000000008004731       0x22 c:/st/stm32cubeide_1.0.0/stm32cubeide/plugins/com.st.stm32cube.ide.mcu.externaltools.gnu-tools-for-stm32.7-2018-q2-update.win32_1.0.0.201904181610/tools/bin/../lib/gcc/arm-none-eabi/7.3.1/../../../../arm-none-eabi/lib/thumb/v7-m\libc_nano.a(lib_a-nano-vfprintf_i.o)
                0x0000000008004754                . = ALIGN (0x4)
 *fill*         0x0000000008004753        0x1 

.rel.dyn        0x0000000008004754        0x0
 .rel.iplt      0x0000000008004754        0x0 c:/st/stm32cubeide_1.0.0/stm32cubeide/plugins/com.st.stm32cube.ide.mcu.externaltools.gnu-tools-for-stm32.7-2018-q2-update.win32_1.0.0.201904181610/tools/bin/../lib/gcc/arm-none-eabi/7.3.1/thumb/v7-m/crtbegin.o

.ARM.extab
 *(.ARM.extab* .gnu.linkonce.armextab.*)

.ARM            0x0000000008004754        0x0
                0x0000000008004754                __exidx_start = .
 *(.ARM.exidx*)
                0x0000000008004754                __exidx_end = .

.preinit_array  0x0000000008004754        0x0
                0x0000000008004754                PROVIDE (__preinit_array_start = .)
 *(.preinit_array*)
                0x0000000008004754                PROVIDE (__preinit_array_end = .)

.init_array     0x0000000008004754        0x4
                0x0000000008004754                PROVIDE (__init_array_start = .)
 *(SORT_BY_NAME(.init_array.*))
 *(.init_array*)
 .init_array    0x0000000008004754        0x4 c:/st/stm32cubeide_1.0.0/stm32cubeide/plugins/com.st.stm32cube.ide.mcu.externaltools.gnu-tools-for-stm32.7-2018-q2-update.win32_1.0.0.201904181610/tools/bin/../lib/gcc/arm-none-eabi/7.3.1/thumb/v7-m/crtbegin.o
                0x0000000008004758                PROVIDE (__init_array_end = .)

.fini_array     0x0000000008004758        0x4
                [!provide]                        PROVIDE (__fini_array_start = .)
 *(SORT_BY_NAME(.fini_array.*))
 *(.fini_array*)
 .fini_array    0x0000000008004758        0x4 c:/st/stm32cubeide_1.0.0/stm32cubeide/plugins/com.st.stm32cube.ide.mcu.externaltools.gnu-tools-for-stm32.7-2018-q2-update.win32_1.0.0.201904181610/tools/bin/../lib/gcc/arm-none-eabi/7.3.1/thumb/v7-m/crtbegin.o
                [!provide]                        PROVIDE (__fini_array_end = .)
                0x000000000800475c                _sidata = LOADADDR (.data)

.data           0x0000000020000000      0x280 load address 0x000000000800475c
                0x0000000020000000                . = ALIGN (0x4)
                0x0000000020000000                _sdata = .
 *(.data)
 *(.data*)
 .data.SystemCoreClock
                0x0000000020000000        0x4 CMSIS/system_stm32l1xx.o
                0x0000000020000000                SystemCoreClock
 .data.TSL_GPIO_Clock_LookUpTable
                0x0000000020000004       0x20 STMTouch_Driver/tsl_acq_stm32l1xx_sw.o
                0x0000000020000004                TSL_GPIO_Clock_LookUpTable
 .data.TSL_GPIO_LookUpTable
                0x0000000020000024       0x20 STMTouch_Driver/tsl_acq_stm32l1xx_sw.o
                0x0000000020000024                TSL_GPIO_LookUpTable
 .data.TSL_RI_HYSCR_LookUpTable
                0x0000000020000044       0x20 STMTouch_Driver/tsl_acq_stm32l1xx_sw.o
                0x0000000020000044                TSL_RI_HYSCR_LookUpTable
 .data.APBAHBPrescTable
                0x0000000020000064       0x10 StdPeriph_Driver/stm32l1xx_rcc.o
 .data.PLLMulTable
                0x0000000020000074        0x9 StdPeriph_Driver/stm32l1xx_rcc.o
 .data.message  0x000000002000007d       0x1d User/main.o
                0x000000002000007d                message
 *fill*         0x000000002000009a        0x2 
 .data.MyObjGroup
                0x000000002000009c       0x10 User/tsl_user.o
                0x000000002000009c                MyObjGroup
 .data.TSL_Params
                0x00000000200000ac       0x10 User/tsl_user.o
                0x00000000200000ac                TSL_Params
 .data._impure_ptr
                0x00000000200000bc        0x4 c:/st/stm32cubeide_1.0.0/stm32cubeide/plugins/com.st.stm32cube.ide.mcu.externaltools.gnu-tools-for-stm32.7-2018-q2-update.win32_1.0.0.201904181610/tools/bin/../lib/gcc/arm-none-eabi/7.3.1/../../../../arm-none-eabi/lib/thumb/v7-m\libc_nano.a(lib_a-impure.o)
                0x00000000200000bc                _impure_ptr
 .data.impure_data
                0x00000000200000c0       0x60 c:/st/stm32cubeide_1.0.0/stm32cubeide/plugins/com.st.stm32cube.ide.mcu.externaltools.gnu-tools-for-stm32.7-2018-q2-update.win32_1.0.0.201904181610/tools/bin/../lib/gcc/arm-none-eabi/7.3.1/../../../../arm-none-eabi/lib/thumb/v7-m\libc_nano.a(lib_a-impure.o)
 *(.RamFUNC)
 .RamFUNC       0x0000000020000120      0x160 User/icc_measure_Ram.o
                0x0000000020000158                RAM_FLASH_RUNPowerDownCmd
                0x000000002000016c                RAM_PWR_LowPowerRunModeCmd
                0x0000000020000188                EnterLPRUNModeRAM
                0x00000000200001fc                EnterLPSLEEPModeRAM
                0x0000000020000244                EnterSLEEPModeRAM
                0x0000000020000280                . = ALIGN (0x4)
                0x0000000020000280                _edata = .

.igot.plt       0x0000000020000280        0x0 load address 0x00000000080049dc
 .igot.plt      0x0000000020000280        0x0 c:/st/stm32cubeide_1.0.0/stm32cubeide/plugins/com.st.stm32cube.ide.mcu.externaltools.gnu-tools-for-stm32.7-2018-q2-update.win32_1.0.0.201904181610/tools/bin/../lib/gcc/arm-none-eabi/7.3.1/thumb/v7-m/crtbegin.o
                0x0000000020000280                . = ALIGN (0x4)

.bss            0x0000000020000280       0xd8 load address 0x00000000080049dc
                0x0000000020000280                _sbss = .
                0x0000000020000280                __bss_start__ = _sbss
 *(.bss)
 .bss           0x0000000020000280       0x1c c:/st/stm32cubeide_1.0.0/stm32cubeide/plugins/com.st.stm32cube.ide.mcu.externaltools.gnu-tools-for-stm32.7-2018-q2-update.win32_1.0.0.201904181610/tools/bin/../lib/gcc/arm-none-eabi/7.3.1/thumb/v7-m/crtbegin.o
 *(.bss*)
 .bss.KeyPressed
                0x000000002000029c        0x1 STM32L-Discovery/stm32l_discovery_lcd.o
                0x000000002000029c                KeyPressed
 .bss.t_bar     0x000000002000029d        0x2 STM32L-Discovery/stm32l_discovery_lcd.o
                0x000000002000029d                t_bar
 *fill*         0x000000002000029f        0x1 
 .bss.CalibDiv  0x00000000200002a0        0x2 STMTouch_Driver/tsl_linrot.o
 .bss.delta1.7065
                0x00000000200002a2        0x2 STMTouch_Driver/tsl_linrot.o
 .bss.delta2.7066
                0x00000000200002a4        0x2 STMTouch_Driver/tsl_linrot.o
 .bss.delta3.7067
                0x00000000200002a6        0x2 STMTouch_Driver/tsl_linrot.o
 .bss.index1.7068
                0x00000000200002a8        0x1 STMTouch_Driver/tsl_linrot.o
 .bss.index2.7069
                0x00000000200002a9        0x1 STMTouch_Driver/tsl_linrot.o
 .bss.count_1s.7026
                0x00000000200002aa        0x2 STMTouch_Driver/tsl_time.o
 .bss.last_tick_tsl
                0x00000000200002ac        0x2 User/main.o
 *fill*         0x00000000200002ae        0x2 
 .bss.__malloc_free_list
                0x00000000200002b0        0x4 c:/st/stm32cubeide_1.0.0/stm32cubeide/plugins/com.st.stm32cube.ide.mcu.externaltools.gnu-tools-for-stm32.7-2018-q2-update.win32_1.0.0.201904181610/tools/bin/../lib/gcc/arm-none-eabi/7.3.1/../../../../arm-none-eabi/lib/thumb/v7-m\libc_nano.a(lib_a-nano-mallocr.o)
                0x00000000200002b0                __malloc_free_list
 .bss.__malloc_sbrk_start
                0x00000000200002b4        0x4 c:/st/stm32cubeide_1.0.0/stm32cubeide/plugins/com.st.stm32cube.ide.mcu.externaltools.gnu-tools-for-stm32.7-2018-q2-update.win32_1.0.0.201904181610/tools/bin/../lib/gcc/arm-none-eabi/7.3.1/../../../../arm-none-eabi/lib/thumb/v7-m\libc_nano.a(lib_a-nano-mallocr.o)
                0x00000000200002b4                __malloc_sbrk_start
 .bss.heap_end.4102
                0x00000000200002b8        0x4 c:/st/stm32cubeide_1.0.0/stm32cubeide/plugins/com.st.stm32cube.ide.mcu.externaltools.gnu-tools-for-stm32.7-2018-q2-update.win32_1.0.0.201904181610/tools/bin/../lib/gcc/arm-none-eabi/7.3.1/../../../../arm-none-eabi/lib/thumb/v7-m\libnosys.a(sbrk.o)
 *(COMMON)
 COMMON         0x00000000200002bc       0x14 STMTouch_Driver/tsl_globals.o
                0x00000000200002bc                TSL_Globals
 COMMON         0x00000000200002d0        0x1 User/discover_functions.o
                0x00000000200002d0                UserButton
 *fill*         0x00000000200002d1        0x3 
 COMMON         0x00000000200002d4       0x34 User/icc_measure.o
                0x00000000200002d4                GPIOA_PUPDR
                0x00000000200002d8                GPIOA_MODER
                0x00000000200002dc                GPIOB_PUPDR
                0x00000000200002e0                GPIOC_PUPDR
                0x00000000200002e4                GPIOE_PUPDR
                0x00000000200002e8                GPIOH_PUPDR
                0x00000000200002ec                GPIOD_PUPDR
                0x00000000200002f0                GPIOH_MODER
                0x00000000200002f4                GPIOE_MODER
                0x00000000200002f8                GPIOB_MODER
                0x00000000200002fc                Idd_WakeUP
                0x0000000020000300                GPIOC_MODER
                0x0000000020000304                GPIOD_MODER
 COMMON         0x0000000020000308        0x4 User/main.o
                0x0000000020000308                state_machine
                0x000000002000030a                Int_CurrentSTBY
 COMMON         0x000000002000030c       0x46 User/tsl_user.o
                0x000000002000030c                ECS_last_tick
                0x0000000020000310                process_sensor
                0x0000000020000314                MyChannels_Data
                0x0000000020000338                Slider_Position
                0x0000000020000340                MyLinRots_Data
                0x0000000020000348                MyLinRots_Param
 *fill*         0x0000000020000352        0x2 
 COMMON         0x0000000020000354        0x4 c:/st/stm32cubeide_1.0.0/stm32cubeide/plugins/com.st.stm32cube.ide.mcu.externaltools.gnu-tools-for-stm32.7-2018-q2-update.win32_1.0.0.201904181610/tools/bin/../lib/gcc/arm-none-eabi/7.3.1/../../../../arm-none-eabi/lib/thumb/v7-m\libc_nano.a(lib_a-reent.o)
                0x0000000020000354                errno
                0x0000000020000358                . = ALIGN (0x4)
                0x0000000020000358                _ebss = .
                0x0000000020000358                __bss_end__ = _ebss

._user_heap_stack
                0x0000000020000358      0x600 load address 0x00000000080049dc
                0x0000000020000358                . = ALIGN (0x4)
                0x0000000020000358                PROVIDE (end = .)
                [!provide]                        PROVIDE (_end = .)
                0x0000000020000558                . = (. + _Min_Heap_Size)
 *fill*         0x0000000020000358      0x200 
                0x0000000020000958                . = (. + _Min_Stack_Size)
 *fill*         0x0000000020000558      0x400 
                0x0000000020000958                . = ALIGN (0x4)

.memory_b1_text
 *(.mb1text)
 *(.mb1text*)
 *(.mb1rodata)
 *(.mb1rodata*)

/DISCARD/
 libc.a(*)
 libm.a(*)
 libgcc.a(*)

.ARM.attributes
                0x0000000000000000       0x29
 *(.ARM.attributes)
 .ARM.attributes
                0x0000000000000000       0x1d c:/st/stm32cubeide_1.0.0/stm32cubeide/plugins/com.st.stm32cube.ide.mcu.externaltools.gnu-tools-for-stm32.7-2018-q2-update.win32_1.0.0.201904181610/tools/bin/../lib/gcc/arm-none-eabi/7.3.1/thumb/v7-m/crti.o
 .ARM.attributes
                0x000000000000001d       0x2d c:/st/stm32cubeide_1.0.0/stm32cubeide/plugins/com.st.stm32cube.ide.mcu.externaltools.gnu-tools-for-stm32.7-2018-q2-update.win32_1.0.0.201904181610/tools/bin/../lib/gcc/arm-none-eabi/7.3.1/thumb/v7-m/crtbegin.o
 .ARM.attributes
                0x000000000000004a       0x33 CMSIS/system_stm32l1xx.o
 .ARM.attributes
                0x000000000000007d       0x33 STM32L-Discovery/stm32l_discovery_lcd.o
 .ARM.attributes
                0x00000000000000b0       0x33 STMTouch_Driver/tsl.o
 .ARM.attributes
                0x00000000000000e3       0x33 STMTouch_Driver/tsl_acq_stm32l1xx_sw.o
 .ARM.attributes
                0x0000000000000116       0x33 STMTouch_Driver/tsl_globals.o
 .ARM.attributes
                0x0000000000000149       0x33 STMTouch_Driver/tsl_linrot.o
 .ARM.attributes
                0x000000000000017c       0x33 STMTouch_Driver/tsl_object.o
 .ARM.attributes
                0x00000000000001af       0x33 STMTouch_Driver/tsl_time.o
 .ARM.attributes
                0x00000000000001e2       0x33 STMTouch_Driver/tsl_time_stm32l1xx.o
 .ARM.attributes
                0x0000000000000215       0x33 StdPeriph_Driver/misc.o
 .ARM.attributes
                0x0000000000000248       0x33 StdPeriph_Driver/stm32l1xx_adc.o
 .ARM.attributes
                0x000000000000027b       0x33 StdPeriph_Driver/stm32l1xx_exti.o
 .ARM.attributes
                0x00000000000002ae       0x33 StdPeriph_Driver/stm32l1xx_flash.o
 .ARM.attributes
                0x00000000000002e1       0x33 StdPeriph_Driver/stm32l1xx_gpio.o
 .ARM.attributes
                0x0000000000000314       0x33 StdPeriph_Driver/stm32l1xx_lcd.o
 .ARM.attributes
                0x0000000000000347       0x33 StdPeriph_Driver/stm32l1xx_pwr.o
 .ARM.attributes
                0x000000000000037a       0x33 StdPeriph_Driver/stm32l1xx_rcc.o
 .ARM.attributes
                0x00000000000003ad       0x33 StdPeriph_Driver/stm32l1xx_rtc.o
 .ARM.attributes
                0x00000000000003e0       0x33 StdPeriph_Driver/stm32l1xx_syscfg.o
 .ARM.attributes
                0x0000000000000413       0x21 TrueSTUDIO/startup_stm32l1xx_md.o
 .ARM.attributes
                0x0000000000000434       0x33 User/discover_functions.o
 .ARM.attributes
                0x0000000000000467       0x33 User/icc_measure.o
 .ARM.attributes
                0x000000000000049a       0x33 User/icc_measure_Ram.o
 .ARM.attributes
                0x00000000000004cd       0x33 User/main.o
 .ARM.attributes
                0x0000000000000500       0x33 User/stm32l1xx_it.o
 .ARM.attributes
                0x0000000000000533       0x33 User/tsl_user.o
 .ARM.attributes
                0x0000000000000566       0x2d c:/st/stm32cubeide_1.0.0/stm32cubeide/plugins/com.st.stm32cube.ide.mcu.externaltools.gnu-tools-for-stm32.7-2018-q2-update.win32_1.0.0.201904181610/tools/bin/../lib/gcc/arm-none-eabi/7.3.1/../../../../arm-none-eabi/lib/thumb/v7-m\libc_nano.a(lib_a-impure.o)
 .ARM.attributes
                0x0000000000000593       0x2d c:/st/stm32cubeide_1.0.0/stm32cubeide/plugins/com.st.stm32cube.ide.mcu.externaltools.gnu-tools-for-stm32.7-2018-q2-update.win32_1.0.0.201904181610/tools/bin/../lib/gcc/arm-none-eabi/7.3.1/../../../../arm-none-eabi/lib/thumb/v7-m\libc_nano.a(lib_a-init.o)
 .ARM.attributes
                0x00000000000005c0       0x2d c:/st/stm32cubeide_1.0.0/stm32cubeide/plugins/com.st.stm32cube.ide.mcu.externaltools.gnu-tools-for-stm32.7-2018-q2-update.win32_1.0.0.201904181610/tools/bin/../lib/gcc/arm-none-eabi/7.3.1/../../../../arm-none-eabi/lib/thumb/v7-m\libc_nano.a(lib_a-sprintf.o)
 .ARM.attributes
                0x00000000000005ed       0x2d c:/st/stm32cubeide_1.0.0/stm32cubeide/plugins/com.st.stm32cube.ide.mcu.externaltools.gnu-tools-for-stm32.7-2018-q2-update.win32_1.0.0.201904181610/tools/bin/../lib/gcc/arm-none-eabi/7.3.1/../../../../arm-none-eabi/lib/thumb/v7-m\libc_nano.a(lib_a-nano-svfprintf.o)
 .ARM.attributes
                0x000000000000061a       0x2d c:/st/stm32cubeide_1.0.0/stm32cubeide/plugins/com.st.stm32cube.ide.mcu.externaltools.gnu-tools-for-stm32.7-2018-q2-update.win32_1.0.0.201904181610/tools/bin/../lib/gcc/arm-none-eabi/7.3.1/../../../../arm-none-eabi/lib/thumb/v7-m\libc_nano.a(lib_a-nano-vfprintf_i.o)
 .ARM.attributes
                0x0000000000000647       0x2d c:/st/stm32cubeide_1.0.0/stm32cubeide/plugins/com.st.stm32cube.ide.mcu.externaltools.gnu-tools-for-stm32.7-2018-q2-update.win32_1.0.0.201904181610/tools/bin/../lib/gcc/arm-none-eabi/7.3.1/../../../../arm-none-eabi/lib/thumb/v7-m\libc_nano.a(lib_a-memchr-stub.o)
 .ARM.attributes
                0x0000000000000674       0x2d c:/st/stm32cubeide_1.0.0/stm32cubeide/plugins/com.st.stm32cube.ide.mcu.externaltools.gnu-tools-for-stm32.7-2018-q2-update.win32_1.0.0.201904181610/tools/bin/../lib/gcc/arm-none-eabi/7.3.1/../../../../arm-none-eabi/lib/thumb/v7-m\libc_nano.a(lib_a-memcpy-stub.o)
 .ARM.attributes
                0x00000000000006a1       0x2d c:/st/stm32cubeide_1.0.0/stm32cubeide/plugins/com.st.stm32cube.ide.mcu.externaltools.gnu-tools-for-stm32.7-2018-q2-update.win32_1.0.0.201904181610/tools/bin/../lib/gcc/arm-none-eabi/7.3.1/../../../../arm-none-eabi/lib/thumb/v7-m\libc_nano.a(lib_a-memmove.o)
 .ARM.attributes
                0x00000000000006ce       0x2d c:/st/stm32cubeide_1.0.0/stm32cubeide/plugins/com.st.stm32cube.ide.mcu.externaltools.gnu-tools-for-stm32.7-2018-q2-update.win32_1.0.0.201904181610/tools/bin/../lib/gcc/arm-none-eabi/7.3.1/../../../../arm-none-eabi/lib/thumb/v7-m\libc_nano.a(lib_a-nano-freer.o)
 .ARM.attributes
                0x00000000000006fb       0x2d c:/st/stm32cubeide_1.0.0/stm32cubeide/plugins/com.st.stm32cube.ide.mcu.externaltools.gnu-tools-for-stm32.7-2018-q2-update.win32_1.0.0.201904181610/tools/bin/../lib/gcc/arm-none-eabi/7.3.1/../../../../arm-none-eabi/lib/thumb/v7-m\libc_nano.a(lib_a-nano-mallocr.o)
 .ARM.attributes
                0x0000000000000728       0x2d c:/st/stm32cubeide_1.0.0/stm32cubeide/plugins/com.st.stm32cube.ide.mcu.externaltools.gnu-tools-for-stm32.7-2018-q2-update.win32_1.0.0.201904181610/tools/bin/../lib/gcc/arm-none-eabi/7.3.1/../../../../arm-none-eabi/lib/thumb/v7-m\libc_nano.a(lib_a-nano-reallocr.o)
 .ARM.attributes
                0x0000000000000755       0x2d c:/st/stm32cubeide_1.0.0/stm32cubeide/plugins/com.st.stm32cube.ide.mcu.externaltools.gnu-tools-for-stm32.7-2018-q2-update.win32_1.0.0.201904181610/tools/bin/../lib/gcc/arm-none-eabi/7.3.1/../../../../arm-none-eabi/lib/thumb/v7-m\libc_nano.a(lib_a-sbrkr.o)
 .ARM.attributes
                0x0000000000000782       0x2d c:/st/stm32cubeide_1.0.0/stm32cubeide/plugins/com.st.stm32cube.ide.mcu.externaltools.gnu-tools-for-stm32.7-2018-q2-update.win32_1.0.0.201904181610/tools/bin/../lib/gcc/arm-none-eabi/7.3.1/../../../../arm-none-eabi/lib/thumb/v7-m\libc_nano.a(lib_a-mlock.o)
 .ARM.attributes
                0x00000000000007af       0x2d c:/st/stm32cubeide_1.0.0/stm32cubeide/plugins/com.st.stm32cube.ide.mcu.externaltools.gnu-tools-for-stm32.7-2018-q2-update.win32_1.0.0.201904181610/tools/bin/../lib/gcc/arm-none-eabi/7.3.1/../../../../arm-none-eabi/lib/thumb/v7-m\libc_nano.a(lib_a-nano-msizer.o)
 .ARM.attributes
                0x00000000000007dc       0x2d c:/st/stm32cubeide_1.0.0/stm32cubeide/plugins/com.st.stm32cube.ide.mcu.externaltools.gnu-tools-for-stm32.7-2018-q2-update.win32_1.0.0.201904181610/tools/bin/../lib/gcc/arm-none-eabi/7.3.1/../../../../arm-none-eabi/lib/thumb/v7-m\libc_nano.a(lib_a-reent.o)
 .ARM.attributes
                0x0000000000000809       0x1d c:/st/stm32cubeide_1.0.0/stm32cubeide/plugins/com.st.stm32cube.ide.mcu.externaltools.gnu-tools-for-stm32.7-2018-q2-update.win32_1.0.0.201904181610/tools/bin/../lib/gcc/arm-none-eabi/7.3.1/thumb/v7-m\libgcc.a(_arm_addsubdf3.o)
 .ARM.attributes
                0x0000000000000826       0x1d c:/st/stm32cubeide_1.0.0/stm32cubeide/plugins/com.st.stm32cube.ide.mcu.externaltools.gnu-tools-for-stm32.7-2018-q2-update.win32_1.0.0.201904181610/tools/bin/../lib/gcc/arm-none-eabi/7.3.1/thumb/v7-m\libgcc.a(_arm_muldivdf3.o)
 .ARM.attributes
                0x0000000000000843       0x1d c:/st/stm32cubeide_1.0.0/stm32cubeide/plugins/com.st.stm32cube.ide.mcu.externaltools.gnu-tools-for-stm32.7-2018-q2-update.win32_1.0.0.201904181610/tools/bin/../lib/gcc/arm-none-eabi/7.3.1/thumb/v7-m\libgcc.a(_arm_truncdfsf2.o)
 .ARM.attributes
                0x0000000000000860       0x1d c:/st/stm32cubeide_1.0.0/stm32cubeide/plugins/com.st.stm32cube.ide.mcu.externaltools.gnu-tools-for-stm32.7-2018-q2-update.win32_1.0.0.201904181610/tools/bin/../lib/gcc/arm-none-eabi/7.3.1/thumb/v7-m\libgcc.a(_arm_addsubsf3.o)
 .ARM.attributes
                0x000000000000087d       0x1d c:/st/stm32cubeide_1.0.0/stm32cubeide/plugins/com.st.stm32cube.ide.mcu.externaltools.gnu-tools-for-stm32.7-2018-q2-update.win32_1.0.0.201904181610/tools/bin/../lib/gcc/arm-none-eabi/7.3.1/thumb/v7-m\libgcc.a(_arm_muldivsf3.o)
 .ARM.attributes
                0x000000000000089a       0x1d c:/st/stm32cubeide_1.0.0/stm32cubeide/plugins/com.st.stm32cube.ide.mcu.externaltools.gnu-tools-for-stm32.7-2018-q2-update.win32_1.0.0.201904181610/tools/bin/../lib/gcc/arm-none-eabi/7.3.1/thumb/v7-m\libgcc.a(_arm_fixunssfsi.o)
 .ARM.attributes
                0x00000000000008b7       0x2d c:/st/stm32cubeide_1.0.0/stm32cubeide/plugins/com.st.stm32cube.ide.mcu.externaltools.gnu-tools-for-stm32.7-2018-q2-update.win32_1.0.0.201904181610/tools/bin/../lib/gcc/arm-none-eabi/7.3.1/../../../../arm-none-eabi/lib/thumb/v7-m\libnosys.a(sbrk.o)
 .ARM.attributes
                0x00000000000008e4       0x1d c:/st/stm32cubeide_1.0.0/stm32cubeide/plugins/com.st.stm32cube.ide.mcu.externaltools.gnu-tools-for-stm32.7-2018-q2-update.win32_1.0.0.201904181610/tools/bin/../lib/gcc/arm-none-eabi/7.3.1/thumb/v7-m/crtn.o

.DataFlash      0x0000000008080000        0x2
 *(.DataFlash)
 .DataFlash     0x0000000008080000        0x2 User/discover_functions.o
                0x0000000008080000                Bias_Current
                0x0000000008080001                self_test
OUTPUT(STM32LDiscovery.elf elf32-littlearm)

.debug_info     0x0000000000000000    0x154b6
 .debug_info    0x0000000000000000      0x58e CMSIS/system_stm32l1xx.o
 .debug_info    0x000000000000058e     0x1ed3 STM32L-Discovery/stm32l_discovery_lcd.o
 .debug_info    0x0000000000002461      0x99d STMTouch_Driver/tsl.o
 .debug_info    0x0000000000002dfe     0x1399 STMTouch_Driver/tsl_acq_stm32l1xx_sw.o
 .debug_info    0x0000000000004197      0x941 STMTouch_Driver/tsl_globals.o
 .debug_info    0x0000000000004ad8     0x1330 STMTouch_Driver/tsl_linrot.o
 .debug_info    0x0000000000005e08      0xaa4 STMTouch_Driver/tsl_object.o
 .debug_info    0x00000000000068ac      0xa6d STMTouch_Driver/tsl_time.o
 .debug_info    0x0000000000007319      0x601 STMTouch_Driver/tsl_time_stm32l1xx.o
 .debug_info    0x000000000000791a      0x54d StdPeriph_Driver/misc.o
 .debug_info    0x0000000000007e67      0xd00 StdPeriph_Driver/stm32l1xx_adc.o
 .debug_info    0x0000000000008b67      0x348 StdPeriph_Driver/stm32l1xx_exti.o
 .debug_info    0x0000000000008eaf     0x128d StdPeriph_Driver/stm32l1xx_flash.o
 .debug_info    0x000000000000a13c      0x738 StdPeriph_Driver/stm32l1xx_gpio.o
 .debug_info    0x000000000000a874      0x526 StdPeriph_Driver/stm32l1xx_lcd.o
 .debug_info    0x000000000000ad9a      0x61f StdPeriph_Driver/stm32l1xx_pwr.o
 .debug_info    0x000000000000b3b9      0xa66 StdPeriph_Driver/stm32l1xx_rcc.o
 .debug_info    0x000000000000be1f     0x13ff StdPeriph_Driver/stm32l1xx_rtc.o
 .debug_info    0x000000000000d21e      0x548 StdPeriph_Driver/stm32l1xx_syscfg.o
 .debug_info    0x000000000000d766       0x22 TrueSTUDIO/startup_stm32l1xx_md.o
 .debug_info    0x000000000000d788     0x19a4 User/discover_functions.o
 .debug_info    0x000000000000f12c     0x1bd2 User/icc_measure.o
 .debug_info    0x0000000000010cfe      0x933 User/icc_measure_Ram.o
 .debug_info    0x0000000000011631     0x213f User/main.o
 .debug_info    0x0000000000013770      0xc8c User/stm32l1xx_it.o
 .debug_info    0x00000000000143fc     0x10ba User/tsl_user.o

.debug_abbrev   0x0000000000000000     0x3640
 .debug_abbrev  0x0000000000000000      0x184 CMSIS/system_stm32l1xx.o
 .debug_abbrev  0x0000000000000184      0x36f STM32L-Discovery/stm32l_discovery_lcd.o
 .debug_abbrev  0x00000000000004f3      0x194 STMTouch_Driver/tsl.o
 .debug_abbrev  0x0000000000000687      0x2a8 STMTouch_Driver/tsl_acq_stm32l1xx_sw.o
 .debug_abbrev  0x000000000000092f      0x128 STMTouch_Driver/tsl_globals.o
 .debug_abbrev  0x0000000000000a57      0x2d1 STMTouch_Driver/tsl_linrot.o
 .debug_abbrev  0x0000000000000d28      0x1a3 STMTouch_Driver/tsl_object.o
 .debug_abbrev  0x0000000000000ecb      0x1ab STMTouch_Driver/tsl_time.o
 .debug_abbrev  0x0000000000001076      0x190 STMTouch_Driver/tsl_time_stm32l1xx.o
 .debug_abbrev  0x0000000000001206      0x186 StdPeriph_Driver/misc.o
 .debug_abbrev  0x000000000000138c      0x1d4 StdPeriph_Driver/stm32l1xx_adc.o
 .debug_abbrev  0x0000000000001560      0x1f5 StdPeriph_Driver/stm32l1xx_exti.o
 .debug_abbrev  0x0000000000001755      0x2d6 StdPeriph_Driver/stm32l1xx_flash.o
 .debug_abbrev  0x0000000000001a2b      0x208 StdPeriph_Driver/stm32l1xx_gpio.o
 .debug_abbrev  0x0000000000001c33      0x237 StdPeriph_Driver/stm32l1xx_lcd.o
 .debug_abbrev  0x0000000000001e6a      0x1f5 StdPeriph_Driver/stm32l1xx_pwr.o
 .debug_abbrev  0x000000000000205f      0x223 StdPeriph_Driver/stm32l1xx_rcc.o
 .debug_abbrev  0x0000000000002282      0x242 StdPeriph_Driver/stm32l1xx_rtc.o
 .debug_abbrev  0x00000000000024c4      0x1ce StdPeriph_Driver/stm32l1xx_syscfg.o
 .debug_abbrev  0x0000000000002692       0x12 TrueSTUDIO/startup_stm32l1xx_md.o
 .debug_abbrev  0x00000000000026a4      0x27c User/discover_functions.o
 .debug_abbrev  0x0000000000002920      0x343 User/icc_measure.o
 .debug_abbrev  0x0000000000002c63      0x1b8 User/icc_measure_Ram.o
 .debug_abbrev  0x0000000000002e1b      0x335 User/main.o
 .debug_abbrev  0x0000000000003150      0x27b User/stm32l1xx_it.o
 .debug_abbrev  0x00000000000033cb      0x275 User/tsl_user.o

.debug_loc      0x0000000000000000     0x6ea6
 .debug_loc     0x0000000000000000      0x119 CMSIS/system_stm32l1xx.o
 .debug_loc     0x0000000000000119      0x997 STM32L-Discovery/stm32l_discovery_lcd.o
 .debug_loc     0x0000000000000ab0       0x34 STMTouch_Driver/tsl.o
 .debug_loc     0x0000000000000ae4      0x6ea STMTouch_Driver/tsl_acq_stm32l1xx_sw.o
 .debug_loc     0x00000000000011ce      0x93f STMTouch_Driver/tsl_linrot.o
 .debug_loc     0x0000000000001b0d      0x11a STMTouch_Driver/tsl_object.o
 .debug_loc     0x0000000000001c27       0xc7 STMTouch_Driver/tsl_time.o
 .debug_loc     0x0000000000001cee       0x95 STMTouch_Driver/tsl_time_stm32l1xx.o
 .debug_loc     0x0000000000001d83      0x129 StdPeriph_Driver/misc.o
 .debug_loc     0x0000000000001eac      0xde3 StdPeriph_Driver/stm32l1xx_adc.o
 .debug_loc     0x0000000000002c8f       0xd9 StdPeriph_Driver/stm32l1xx_exti.o
 .debug_loc     0x0000000000002d68     0x1587 StdPeriph_Driver/stm32l1xx_flash.o
 .debug_loc     0x00000000000042ef      0x3b2 StdPeriph_Driver/stm32l1xx_gpio.o
 .debug_loc     0x00000000000046a1      0x1ee StdPeriph_Driver/stm32l1xx_lcd.o
 .debug_loc     0x000000000000488f      0x1c8 StdPeriph_Driver/stm32l1xx_pwr.o
 .debug_loc     0x0000000000004a57      0x759 StdPeriph_Driver/stm32l1xx_rcc.o
 .debug_loc     0x00000000000051b0      0xe70 StdPeriph_Driver/stm32l1xx_rtc.o
 .debug_loc     0x0000000000006020      0x539 StdPeriph_Driver/stm32l1xx_syscfg.o
 .debug_loc     0x0000000000006559      0x4cf User/discover_functions.o
 .debug_loc     0x0000000000006a28      0x2a5 User/icc_measure.o
 .debug_loc     0x0000000000006ccd       0xd4 User/icc_measure_Ram.o
 .debug_loc     0x0000000000006da1       0x54 User/main.o
 .debug_loc     0x0000000000006df5       0x71 User/stm32l1xx_it.o
 .debug_loc     0x0000000000006e66       0x40 User/tsl_user.o

.debug_aranges  0x0000000000000000      0xdf0
 .debug_aranges
                0x0000000000000000       0x28 CMSIS/system_stm32l1xx.o
 .debug_aranges
                0x0000000000000028       0x60 STM32L-Discovery/stm32l_discovery_lcd.o
 .debug_aranges
                0x0000000000000088       0x20 STMTouch_Driver/tsl.o
 .debug_aranges
                0x00000000000000a8       0x90 STMTouch_Driver/tsl_acq_stm32l1xx_sw.o
 .debug_aranges
                0x0000000000000138       0x18 STMTouch_Driver/tsl_globals.o
 .debug_aranges
                0x0000000000000150      0x100 STMTouch_Driver/tsl_linrot.o
 .debug_aranges
                0x0000000000000250       0x30 STMTouch_Driver/tsl_object.o
 .debug_aranges
                0x0000000000000280       0x30 STMTouch_Driver/tsl_time.o
 .debug_aranges
                0x00000000000002b0       0x20 STMTouch_Driver/tsl_time_stm32l1xx.o
 .debug_aranges
                0x00000000000002d0       0x40 StdPeriph_Driver/misc.o
 .debug_aranges
                0x0000000000000310      0x148 StdPeriph_Driver/stm32l1xx_adc.o
 .debug_aranges
                0x0000000000000458       0x48 StdPeriph_Driver/stm32l1xx_exti.o
 .debug_aranges
                0x00000000000004a0      0x178 StdPeriph_Driver/stm32l1xx_flash.o
 .debug_aranges
                0x0000000000000618       0x88 StdPeriph_Driver/stm32l1xx_gpio.o
 .debug_aranges
                0x00000000000006a0       0xa0 StdPeriph_Driver/stm32l1xx_lcd.o
 .debug_aranges
                0x0000000000000740       0x88 StdPeriph_Driver/stm32l1xx_pwr.o
 .debug_aranges
                0x00000000000007c8      0x148 StdPeriph_Driver/stm32l1xx_rcc.o
 .debug_aranges
                0x0000000000000910      0x1d0 StdPeriph_Driver/stm32l1xx_rtc.o
 .debug_aranges
                0x0000000000000ae0       0x80 StdPeriph_Driver/stm32l1xx_syscfg.o
 .debug_aranges
                0x0000000000000b60       0x28 TrueSTUDIO/startup_stm32l1xx_md.o
 .debug_aranges
                0x0000000000000b88       0xa8 User/discover_functions.o
 .debug_aranges
                0x0000000000000c30       0x70 User/icc_measure.o
 .debug_aranges
                0x0000000000000ca0       0x50 User/icc_measure_Ram.o
 .debug_aranges
                0x0000000000000cf0       0x48 User/main.o
 .debug_aranges
                0x0000000000000d38       0x78 User/stm32l1xx_it.o
 .debug_aranges
                0x0000000000000db0       0x40 User/tsl_user.o

.debug_ranges   0x0000000000000000      0xd08
 .debug_ranges  0x0000000000000000       0x18 CMSIS/system_stm32l1xx.o
 .debug_ranges  0x0000000000000018       0x70 STM32L-Discovery/stm32l_discovery_lcd.o
 .debug_ranges  0x0000000000000088       0x10 STMTouch_Driver/tsl.o
 .debug_ranges  0x0000000000000098       0x80 STMTouch_Driver/tsl_acq_stm32l1xx_sw.o
 .debug_ranges  0x0000000000000118       0xf0 STMTouch_Driver/tsl_linrot.o
 .debug_ranges  0x0000000000000208       0x20 STMTouch_Driver/tsl_object.o
 .debug_ranges  0x0000000000000228       0x20 STMTouch_Driver/tsl_time.o
 .debug_ranges  0x0000000000000248       0x28 STMTouch_Driver/tsl_time_stm32l1xx.o
 .debug_ranges  0x0000000000000270       0x30 StdPeriph_Driver/misc.o
 .debug_ranges  0x00000000000002a0      0x138 StdPeriph_Driver/stm32l1xx_adc.o
 .debug_ranges  0x00000000000003d8       0x38 StdPeriph_Driver/stm32l1xx_exti.o
 .debug_ranges  0x0000000000000410      0x198 StdPeriph_Driver/stm32l1xx_flash.o
 .debug_ranges  0x00000000000005a8       0x78 StdPeriph_Driver/stm32l1xx_gpio.o
 .debug_ranges  0x0000000000000620       0x90 StdPeriph_Driver/stm32l1xx_lcd.o
 .debug_ranges  0x00000000000006b0       0x78 StdPeriph_Driver/stm32l1xx_pwr.o
 .debug_ranges  0x0000000000000728      0x138 StdPeriph_Driver/stm32l1xx_rcc.o
 .debug_ranges  0x0000000000000860      0x1c0 StdPeriph_Driver/stm32l1xx_rtc.o
 .debug_ranges  0x0000000000000a20       0x70 StdPeriph_Driver/stm32l1xx_syscfg.o
 .debug_ranges  0x0000000000000a90       0x20 TrueSTUDIO/startup_stm32l1xx_md.o
 .debug_ranges  0x0000000000000ab0       0x98 User/discover_functions.o
 .debug_ranges  0x0000000000000b48       0x90 User/icc_measure.o
 .debug_ranges  0x0000000000000bd8       0x40 User/icc_measure_Ram.o
 .debug_ranges  0x0000000000000c18       0x38 User/main.o
 .debug_ranges  0x0000000000000c50       0x88 User/stm32l1xx_it.o
 .debug_ranges  0x0000000000000cd8       0x30 User/tsl_user.o

.debug_macro    0x0000000000000000    0x121ea
 .debug_macro   0x0000000000000000      0x185 CMSIS/system_stm32l1xx.o
 .debug_macro   0x0000000000000185      0xa5a CMSIS/system_stm32l1xx.o
 .debug_macro   0x0000000000000bdf       0x70 CMSIS/system_stm32l1xx.o
 .debug_macro   0x0000000000000c4f       0x3a CMSIS/system_stm32l1xx.o
 .debug_macro   0x0000000000000c89       0x22 CMSIS/system_stm32l1xx.o
 .debug_macro   0x0000000000000cab       0x8e CMSIS/system_stm32l1xx.o
 .debug_macro   0x0000000000000d39       0x51 CMSIS/system_stm32l1xx.o
 .debug_macro   0x0000000000000d8a       0xef CMSIS/system_stm32l1xx.o
 .debug_macro   0x0000000000000e79       0x6a CMSIS/system_stm32l1xx.o
 .debug_macro   0x0000000000000ee3      0x1df CMSIS/system_stm32l1xx.o
 .debug_macro   0x00000000000010c2       0x2d CMSIS/system_stm32l1xx.o
 .debug_macro   0x00000000000010ef      0xbb1 CMSIS/system_stm32l1xx.o
 .debug_macro   0x0000000000001ca0     0x72a4 CMSIS/system_stm32l1xx.o
 .debug_macro   0x0000000000008f44      0x43e CMSIS/system_stm32l1xx.o
 .debug_macro   0x0000000000009382       0xa9 CMSIS/system_stm32l1xx.o
 .debug_macro   0x000000000000942b      0x17f CMSIS/system_stm32l1xx.o
 .debug_macro   0x00000000000095aa       0x82 CMSIS/system_stm32l1xx.o
 .debug_macro   0x000000000000962c      0x3ae CMSIS/system_stm32l1xx.o
 .debug_macro   0x00000000000099da       0xb9 CMSIS/system_stm32l1xx.o
 .debug_macro   0x0000000000009a93      0x422 CMSIS/system_stm32l1xx.o
 .debug_macro   0x0000000000009eb5      0x203 CMSIS/system_stm32l1xx.o
 .debug_macro   0x000000000000a0b8      0x421 CMSIS/system_stm32l1xx.o
 .debug_macro   0x000000000000a4d9      0x2b2 CMSIS/system_stm32l1xx.o
 .debug_macro   0x000000000000a78b       0x64 CMSIS/system_stm32l1xx.o
 .debug_macro   0x000000000000a7ef      0x325 CMSIS/system_stm32l1xx.o
 .debug_macro   0x000000000000ab14       0xe1 CMSIS/system_stm32l1xx.o
 .debug_macro   0x000000000000abf5      0x413 CMSIS/system_stm32l1xx.o
 .debug_macro   0x000000000000b008      0x5cf CMSIS/system_stm32l1xx.o
 .debug_macro   0x000000000000b5d7      0x357 CMSIS/system_stm32l1xx.o
 .debug_macro   0x000000000000b92e      0x66f CMSIS/system_stm32l1xx.o
 .debug_macro   0x000000000000bf9d      0x220 CMSIS/system_stm32l1xx.o
 .debug_macro   0x000000000000c1bd       0x34 CMSIS/system_stm32l1xx.o
 .debug_macro   0x000000000000c1f1       0x88 CMSIS/system_stm32l1xx.o
 .debug_macro   0x000000000000c279       0x35 CMSIS/system_stm32l1xx.o
 .debug_macro   0x000000000000c2ae      0x3c1 STM32L-Discovery/stm32l_discovery_lcd.o
 .debug_macro   0x000000000000c66f       0x7c STM32L-Discovery/stm32l_discovery_lcd.o
 .debug_macro   0x000000000000c6eb       0xa0 STM32L-Discovery/stm32l_discovery_lcd.o
 .debug_macro   0x000000000000c78b       0x46 STM32L-Discovery/stm32l_discovery_lcd.o
 .debug_macro   0x000000000000c7d1       0x18 STM32L-Discovery/stm32l_discovery_lcd.o
 .debug_macro   0x000000000000c7e9       0x3c STM32L-Discovery/stm32l_discovery_lcd.o
 .debug_macro   0x000000000000c825       0x34 STM32L-Discovery/stm32l_discovery_lcd.o
 .debug_macro   0x000000000000c859       0x16 STM32L-Discovery/stm32l_discovery_lcd.o
 .debug_macro   0x000000000000c86f       0x97 STM32L-Discovery/stm32l_discovery_lcd.o
 .debug_macro   0x000000000000c906      0x330 STM32L-Discovery/stm32l_discovery_lcd.o
 .debug_macro   0x000000000000cc36       0xfd STM32L-Discovery/stm32l_discovery_lcd.o
 .debug_macro   0x000000000000cd33       0x10 STM32L-Discovery/stm32l_discovery_lcd.o
 .debug_macro   0x000000000000cd43       0x52 STM32L-Discovery/stm32l_discovery_lcd.o
 .debug_macro   0x000000000000cd95       0x1f STM32L-Discovery/stm32l_discovery_lcd.o
 .debug_macro   0x000000000000cdb4       0x43 STM32L-Discovery/stm32l_discovery_lcd.o
 .debug_macro   0x000000000000cdf7       0x20 STM32L-Discovery/stm32l_discovery_lcd.o
 .debug_macro   0x000000000000ce17      0x1a3 STM32L-Discovery/stm32l_discovery_lcd.o
 .debug_macro   0x000000000000cfba       0x10 STM32L-Discovery/stm32l_discovery_lcd.o
 .debug_macro   0x000000000000cfca       0x1c STM32L-Discovery/stm32l_discovery_lcd.o
 .debug_macro   0x000000000000cfe6       0x52 STM32L-Discovery/stm32l_discovery_lcd.o
 .debug_macro   0x000000000000d038       0x40 STM32L-Discovery/stm32l_discovery_lcd.o
 .debug_macro   0x000000000000d078       0x10 STM32L-Discovery/stm32l_discovery_lcd.o
 .debug_macro   0x000000000000d088       0x40 STM32L-Discovery/stm32l_discovery_lcd.o
 .debug_macro   0x000000000000d0c8       0xd7 STM32L-Discovery/stm32l_discovery_lcd.o
 .debug_macro   0x000000000000d19f       0x1c STM32L-Discovery/stm32l_discovery_lcd.o
 .debug_macro   0x000000000000d1bb       0x3d STM32L-Discovery/stm32l_discovery_lcd.o
 .debug_macro   0x000000000000d1f8       0x16 STM32L-Discovery/stm32l_discovery_lcd.o
 .debug_macro   0x000000000000d20e      0x145 STM32L-Discovery/stm32l_discovery_lcd.o
 .debug_macro   0x000000000000d353      0x1fc STM32L-Discovery/stm32l_discovery_lcd.o
 .debug_macro   0x000000000000d54f       0x16 STM32L-Discovery/stm32l_discovery_lcd.o
 .debug_macro   0x000000000000d565       0x4c STM32L-Discovery/stm32l_discovery_lcd.o
 .debug_macro   0x000000000000d5b1       0x16 STM32L-Discovery/stm32l_discovery_lcd.o
 .debug_macro   0x000000000000d5c7       0xd5 STM32L-Discovery/stm32l_discovery_lcd.o
 .debug_macro   0x000000000000d69c       0x1c STM32L-Discovery/stm32l_discovery_lcd.o
 .debug_macro   0x000000000000d6b8       0x8e STM32L-Discovery/stm32l_discovery_lcd.o
 .debug_macro   0x000000000000d746       0x4c STM32L-Discovery/stm32l_discovery_lcd.o
 .debug_macro   0x000000000000d792       0xac STM32L-Discovery/stm32l_discovery_lcd.o
 .debug_macro   0x000000000000d83e      0x221 STMTouch_Driver/tsl.o
 .debug_macro   0x000000000000da5f      0x265 STMTouch_Driver/tsl_acq_stm32l1xx_sw.o
 .debug_macro   0x000000000000dcc4      0x1ff STMTouch_Driver/tsl_globals.o
 .debug_macro   0x000000000000dec3      0x2c6 STMTouch_Driver/tsl_linrot.o
 .debug_macro   0x000000000000e189       0xcf STMTouch_Driver/tsl_linrot.o
 .debug_macro   0x000000000000e258      0x203 STMTouch_Driver/tsl_object.o
 .debug_macro   0x000000000000e45b      0x203 STMTouch_Driver/tsl_time.o
 .debug_macro   0x000000000000e65e      0x1b0 STMTouch_Driver/tsl_time_stm32l1xx.o
 .debug_macro   0x000000000000e80e      0x18f StdPeriph_Driver/misc.o
 .debug_macro   0x000000000000e99d       0x82 StdPeriph_Driver/misc.o
 .debug_macro   0x000000000000ea1f      0x219 StdPeriph_Driver/stm32l1xx_adc.o
 .debug_macro   0x000000000000ec38      0x18f StdPeriph_Driver/stm32l1xx_exti.o
 .debug_macro   0x000000000000edc7       0xb3 StdPeriph_Driver/stm32l1xx_exti.o
 .debug_macro   0x000000000000ee7a      0x1ad StdPeriph_Driver/stm32l1xx_flash.o
 .debug_macro   0x000000000000f027      0x41c StdPeriph_Driver/stm32l1xx_flash.o
 .debug_macro   0x000000000000f443      0x189 StdPeriph_Driver/stm32l1xx_gpio.o
 .debug_macro   0x000000000000f5cc      0x1fd StdPeriph_Driver/stm32l1xx_gpio.o
 .debug_macro   0x000000000000f7c9      0x1ff StdPeriph_Driver/stm32l1xx_lcd.o
 .debug_macro   0x000000000000f9c8      0x31f StdPeriph_Driver/stm32l1xx_lcd.o
 .debug_macro   0x000000000000fce7      0x1e9 StdPeriph_Driver/stm32l1xx_pwr.o
 .debug_macro   0x000000000000fed0       0xdb StdPeriph_Driver/stm32l1xx_pwr.o
 .debug_macro   0x000000000000ffab      0x22f StdPeriph_Driver/stm32l1xx_rcc.o
 .debug_macro   0x00000000000101da      0x40d StdPeriph_Driver/stm32l1xx_rcc.o
 .debug_macro   0x00000000000105e7      0x1c9 StdPeriph_Driver/stm32l1xx_rtc.o
 .debug_macro   0x00000000000107b0      0x5c9 StdPeriph_Driver/stm32l1xx_rtc.o
 .debug_macro   0x0000000000010d79      0x195 StdPeriph_Driver/stm32l1xx_syscfg.o
 .debug_macro   0x0000000000010f0e      0x41b StdPeriph_Driver/stm32l1xx_syscfg.o
 .debug_macro   0x0000000000011329      0x262 User/discover_functions.o
 .debug_macro   0x000000000001158b      0x1bd User/icc_measure.o
 .debug_macro   0x0000000000011748      0x1b0 User/icc_measure_Ram.o
 .debug_macro   0x00000000000118f8      0x3c9 User/main.o
 .debug_macro   0x0000000000011cc1      0x250 User/stm32l1xx_it.o
 .debug_macro   0x0000000000011f11      0x251 User/tsl_user.o
 .debug_macro   0x0000000000012162       0x88 User/tsl_user.o

.debug_line     0x0000000000000000     0xeabb
 .debug_line    0x0000000000000000      0x71c CMSIS/system_stm32l1xx.o
 .debug_line    0x000000000000071c      0xcbd STM32L-Discovery/stm32l_discovery_lcd.o
 .debug_line    0x00000000000013d9      0x7e1 STMTouch_Driver/tsl.o
 .debug_line    0x0000000000001bba      0xb09 STMTouch_Driver/tsl_acq_stm32l1xx_sw.o
 .debug_line    0x00000000000026c3      0x79f STMTouch_Driver/tsl_globals.o
 .debug_line    0x0000000000002e62      0xccb STMTouch_Driver/tsl_linrot.o
 .debug_line    0x0000000000003b2d      0x836 STMTouch_Driver/tsl_object.o
 .debug_line    0x0000000000004363      0x81b STMTouch_Driver/tsl_time.o
 .debug_line    0x0000000000004b7e      0x75f STMTouch_Driver/tsl_time_stm32l1xx.o
 .debug_line    0x00000000000052dd      0x6f8 StdPeriph_Driver/misc.o
 .debug_line    0x00000000000059d5      0xa74 StdPeriph_Driver/stm32l1xx_adc.o
 .debug_line    0x0000000000006449      0x71c StdPeriph_Driver/stm32l1xx_exti.o
 .debug_line    0x0000000000006b65      0xbe5 StdPeriph_Driver/stm32l1xx_flash.o
 .debug_line    0x000000000000774a      0x7f5 StdPeriph_Driver/stm32l1xx_gpio.o
 .debug_line    0x0000000000007f3f      0x803 StdPeriph_Driver/stm32l1xx_lcd.o
 .debug_line    0x0000000000008742      0x7e8 StdPeriph_Driver/stm32l1xx_pwr.o
 .debug_line    0x0000000000008f2a      0x9e5 StdPeriph_Driver/stm32l1xx_rcc.o
 .debug_line    0x000000000000990f      0xd67 StdPeriph_Driver/stm32l1xx_rtc.o
 .debug_line    0x000000000000a676      0x7e6 StdPeriph_Driver/stm32l1xx_syscfg.o
 .debug_line    0x000000000000ae5c      0x107 TrueSTUDIO/startup_stm32l1xx_md.o
 .debug_line    0x000000000000af63      0xbd6 User/discover_functions.o
 .debug_line    0x000000000000bb39      0x9cc User/icc_measure.o
 .debug_line    0x000000000000c505      0x77a User/icc_measure_Ram.o
 .debug_line    0x000000000000cc7f      0xb96 User/main.o
 .debug_line    0x000000000000d815      0x9a3 User/stm32l1xx_it.o
 .debug_line    0x000000000000e1b8      0x903 User/tsl_user.o

.debug_str      0x0000000000000000    0x5b45a
 .debug_str     0x0000000000000000    0x4e53c CMSIS/system_stm32l1xx.o
                                      0x4e6d2 (size before relaxing)
 .debug_str     0x000000000004e53c     0x6bda STM32L-Discovery/stm32l_discovery_lcd.o
                                      0x552ec (size before relaxing)
 .debug_str     0x0000000000055116       0xa2 STMTouch_Driver/tsl.o
                                      0x4ffbc (size before relaxing)
 .debug_str     0x00000000000551b8      0xb83 STMTouch_Driver/tsl_acq_stm32l1xx_sw.o
                                      0x50b77 (size before relaxing)
 .debug_str     0x0000000000055d3b       0x80 STMTouch_Driver/tsl_globals.o
                                      0x4ff62 (size before relaxing)
 .debug_str     0x0000000000055dbb      0xc18 STMTouch_Driver/tsl_linrot.o
                                      0x50c37 (size before relaxing)
 .debug_str     0x00000000000569d3       0xe1 STMTouch_Driver/tsl_object.o
                                      0x50045 (size before relaxing)
 .debug_str     0x0000000000056ab4       0xc6 STMTouch_Driver/tsl_time.o
                                      0x4ffeb (size before relaxing)
 .debug_str     0x0000000000056b7a      0x3bd STMTouch_Driver/tsl_time_stm32l1xx.o
                                      0x4f2a1 (size before relaxing)
 .debug_str     0x0000000000056f37      0x204 StdPeriph_Driver/misc.o